Archive member included because of file (symbol)

/home/champ/altera/nios2eds/bin/gnu/H-i686-pc-linux-gnu/bin/../lib/gcc/nios2-elf/4.1.2/../../../../nios2-elf/lib/mno-hw-mul/libc.a(lib_a-printf.o)
                              obj/default/serial_port.o (printf)
/home/champ/altera/nios2eds/bin/gnu/H-i686-pc-linux-gnu/bin/../lib/gcc/nios2-elf/4.1.2/../../../../nios2-elf/lib/mno-hw-mul/libc.a(lib_a-puts.o)
                              obj/default/serial_port.o (puts)
/home/champ/altera/nios2eds/bin/gnu/H-i686-pc-linux-gnu/bin/../lib/gcc/nios2-elf/4.1.2/../../../../nios2-elf/lib/mno-hw-mul/libc.a(lib_a-strlen.o)
                              /home/champ/altera/nios2eds/bin/gnu/H-i686-pc-linux-gnu/bin/../lib/gcc/nios2-elf/4.1.2/../../../../nios2-elf/lib/mno-hw-mul/libc.a(lib_a-puts.o) (strlen)
/home/champ/altera/nios2eds/bin/gnu/H-i686-pc-linux-gnu/bin/../lib/gcc/nios2-elf/4.1.2/../../../../nios2-elf/lib/mno-hw-mul/libc.a(lib_a-vfprintf.o)
                              /home/champ/altera/nios2eds/bin/gnu/H-i686-pc-linux-gnu/bin/../lib/gcc/nios2-elf/4.1.2/../../../../nios2-elf/lib/mno-hw-mul/libc.a(lib_a-printf.o) (___vfprintf_internal_r)
/home/champ/altera/nios2eds/bin/gnu/H-i686-pc-linux-gnu/bin/../lib/gcc/nios2-elf/4.1.2/../../../../nios2-elf/lib/mno-hw-mul/libc.a(lib_a-wsetup.o)
                              /home/champ/altera/nios2eds/bin/gnu/H-i686-pc-linux-gnu/bin/../lib/gcc/nios2-elf/4.1.2/../../../../nios2-elf/lib/mno-hw-mul/libc.a(lib_a-vfprintf.o) (__swsetup_r)
/home/champ/altera/nios2eds/bin/gnu/H-i686-pc-linux-gnu/bin/../lib/gcc/nios2-elf/4.1.2/../../../../nios2-elf/lib/mno-hw-mul/libc.a(lib_a-dtoa.o)
                              /home/champ/altera/nios2eds/bin/gnu/H-i686-pc-linux-gnu/bin/../lib/gcc/nios2-elf/4.1.2/../../../../nios2-elf/lib/mno-hw-mul/libc.a(lib_a-vfprintf.o) (_dtoa_r)
/home/champ/altera/nios2eds/bin/gnu/H-i686-pc-linux-gnu/bin/../lib/gcc/nios2-elf/4.1.2/../../../../nios2-elf/lib/mno-hw-mul/libc.a(lib_a-fflush.o)
                              /home/champ/altera/nios2eds/bin/gnu/H-i686-pc-linux-gnu/bin/../lib/gcc/nios2-elf/4.1.2/../../../../nios2-elf/lib/mno-hw-mul/libc.a(lib_a-vfprintf.o) (_fflush_r)
/home/champ/altera/nios2eds/bin/gnu/H-i686-pc-linux-gnu/bin/../lib/gcc/nios2-elf/4.1.2/../../../../nios2-elf/lib/mno-hw-mul/libc.a(lib_a-findfp.o)
                              /home/champ/altera/nios2eds/bin/gnu/H-i686-pc-linux-gnu/bin/../lib/gcc/nios2-elf/4.1.2/../../../../nios2-elf/lib/mno-hw-mul/libc.a(lib_a-vfprintf.o) (__sinit)
/home/champ/altera/nios2eds/bin/gnu/H-i686-pc-linux-gnu/bin/../lib/gcc/nios2-elf/4.1.2/../../../../nios2-elf/lib/mno-hw-mul/libc.a(lib_a-freer.o)
                              /home/champ/altera/nios2eds/bin/gnu/H-i686-pc-linux-gnu/bin/../lib/gcc/nios2-elf/4.1.2/../../../../nios2-elf/lib/mno-hw-mul/libc.a(lib_a-wsetup.o) (_free_r)
/home/champ/altera/nios2eds/bin/gnu/H-i686-pc-linux-gnu/bin/../lib/gcc/nios2-elf/4.1.2/../../../../nios2-elf/lib/mno-hw-mul/libc.a(lib_a-fvwrite.o)
                              /home/champ/altera/nios2eds/bin/gnu/H-i686-pc-linux-gnu/bin/../lib/gcc/nios2-elf/4.1.2/../../../../nios2-elf/lib/mno-hw-mul/libc.a(lib_a-puts.o) (__sfvwrite_r)
/home/champ/altera/nios2eds/bin/gnu/H-i686-pc-linux-gnu/bin/../lib/gcc/nios2-elf/4.1.2/../../../../nios2-elf/lib/mno-hw-mul/libc.a(lib_a-fwalk.o)
                              /home/champ/altera/nios2eds/bin/gnu/H-i686-pc-linux-gnu/bin/../lib/gcc/nios2-elf/4.1.2/../../../../nios2-elf/lib/mno-hw-mul/libc.a(lib_a-fflush.o) (_fwalk_reent)
/home/champ/altera/nios2eds/bin/gnu/H-i686-pc-linux-gnu/bin/../lib/gcc/nios2-elf/4.1.2/../../../../nios2-elf/lib/mno-hw-mul/libc.a(lib_a-impure.o)
                              /home/champ/altera/nios2eds/bin/gnu/H-i686-pc-linux-gnu/bin/../lib/gcc/nios2-elf/4.1.2/../../../../nios2-elf/lib/mno-hw-mul/libc.a(lib_a-printf.o) (_impure_ptr)
/home/champ/altera/nios2eds/bin/gnu/H-i686-pc-linux-gnu/bin/../lib/gcc/nios2-elf/4.1.2/../../../../nios2-elf/lib/mno-hw-mul/libc.a(lib_a-locale.o)
                              /home/champ/altera/nios2eds/bin/gnu/H-i686-pc-linux-gnu/bin/../lib/gcc/nios2-elf/4.1.2/../../../../nios2-elf/lib/mno-hw-mul/libc.a(lib_a-vfprintf.o) (_localeconv_r)
/home/champ/altera/nios2eds/bin/gnu/H-i686-pc-linux-gnu/bin/../lib/gcc/nios2-elf/4.1.2/../../../../nios2-elf/lib/mno-hw-mul/libc.a(lib_a-makebuf.o)
                              /home/champ/altera/nios2eds/bin/gnu/H-i686-pc-linux-gnu/bin/../lib/gcc/nios2-elf/4.1.2/../../../../nios2-elf/lib/mno-hw-mul/libc.a(lib_a-wsetup.o) (__smakebuf_r)
/home/champ/altera/nios2eds/bin/gnu/H-i686-pc-linux-gnu/bin/../lib/gcc/nios2-elf/4.1.2/../../../../nios2-elf/lib/mno-hw-mul/libc.a(lib_a-mallocr.o)
                              /home/champ/altera/nios2eds/bin/gnu/H-i686-pc-linux-gnu/bin/../lib/gcc/nios2-elf/4.1.2/../../../../nios2-elf/lib/mno-hw-mul/libc.a(lib_a-findfp.o) (_malloc_r)
[...]
Memory Configuration

Name             Origin             Length             Attributes
onchip_memory2_0 0x00000000         0x00001000
reset            0x01000000         0x00000020
new_sdram_controller_0 0x01000020         0x007fffe0
*default*        0x00000000         0xffffffff

Linker script and memory map

LOAD ../serial_port_bsp//obj/HAL/src/crt0.o
LOAD obj/default/serial_port.o
LOAD /home/champ/altera/nios2eds/bin/gnu/H-i686-pc-linux-gnu/bin/../lib/gcc/nios2-elf/4.1.2/../../../../nios2-elf/lib/mno-hw-mul/libstdc++.a
LOAD /home/champ/altera/nios2eds/bin/gnu/H-i686-pc-linux-gnu/bin/../lib/gcc/nios2-elf/4.1.2/../../../../nios2-elf/lib/mno-hw-mul/libm.a
LOAD /home/champ/altera/nios2eds/bin/gnu/H-i686-pc-linux-gnu/bin/../lib/gcc/nios2-elf/4.1.2/mno-hw-mul/libgcc.a
START GROUP
LOAD /home/champ/altera/nios2eds/bin/gnu/H-i686-pc-linux-gnu/bin/../lib/gcc/nios2-elf/4.1.2/../../../../nios2-elf/lib/mno-hw-mul/libc.a
LOAD /home/champ/altera/nios2eds/bin/gnu/H-i686-pc-linux-gnu/bin/../lib/gcc/nios2-elf/4.1.2/mno-hw-mul/libgcc.a
LOAD ../serial_port_bsp//libhal_bsp.a
END GROUP
LOAD /home/champ/altera/nios2eds/bin/gnu/H-i686-pc-linux-gnu/bin/../lib/gcc/nios2-elf/4.1.2/mno-hw-mul/libgcc.a
                0x00000000                __alt_mem_onchip_memory2_0 = 0x0
                0x01000000                __alt_mem_new_sdram_controller_0 = 0x1000000

.entry          0x01000000       0x20
 *(.entry)
 .entry         0x01000000       0x20 ../serial_port_bsp//obj/HAL/src/crt0.o
                0x01000000                __reset

.exceptions     0x01000020      0x198
                0x01000020                PROVIDE (__ram_exceptions_start, ABSOLUTE (.))
                0x01000020                . = ALIGN (0x20)
 *(.irq)
 *(.exceptions.entry.label)
 .exceptions.entry.label
                0x01000020        0x0 ../serial_port_bsp//libhal_bsp.a(alt_irq_entry.o)
                0x01000020                alt_irq_entry
 .exceptions.entry.label
                0x01000020        0x0 ../serial_port_bsp//libhal_bsp.a(alt_exception_entry.o)
                0x01000020                alt_exception
 *(.exceptions.entry.user)
 *(.exceptions.entry)
 .exceptions.entry
                0x01000020       0x54 ../serial_port_bsp//libhal_bsp.a(alt_exception_entry.o)
 *(.exceptions.irqtest.user)
 *(.exceptions.irqtest)
 .exceptions.irqtest
                0x01000074       0x10 ../serial_port_bsp//libhal_bsp.a(alt_irq_entry.o)
 *(.exceptions.irqhandler.user)
 *(.exceptions.irqhandler)
 .exceptions.irqhandler
                0x01000084        0x4 ../serial_port_bsp//libhal_bsp.a(alt_irq_entry.o)
 *(.exceptions.irqreturn.user)
 *(.exceptions.irqreturn)
 .exceptions.irqreturn
                0x01000088        0x4 ../serial_port_bsp//libhal_bsp.a(alt_irq_entry.o)
 *(.exceptions.notirq.label)
 .exceptions.notirq.label
                0x0100008c        0x0 ../serial_port_bsp//libhal_bsp.a(alt_irq_entry.o)
 *(.exceptions.notirq.user)
 *(.exceptions.notirq)
 .exceptions.notirq
                0x0100008c        0x8 ../serial_port_bsp//libhal_bsp.a(alt_exception_entry.o)
 *(.exceptions.soft.user)
 *(.exceptions.soft)
 *(.exceptions.unknown.user)
 *(.exceptions.unknown)
 .exceptions.unknown
                0x01000094        0x4 ../serial_port_bsp//libhal_bsp.a(alt_exception_entry.o)
 *(.exceptions.exit.label)
 .exceptions.exit.label
                0x01000098        0x0 ../serial_port_bsp//libhal_bsp.a(alt_irq_entry.o)
 .exceptions.exit.label
                0x01000098        0x0 ../serial_port_bsp//libhal_bsp.a(alt_exception_entry.o)
 *(.exceptions.exit.user)
 *(.exceptions.exit)
 .exceptions.exit
                0x01000098       0x54 ../serial_port_bsp//libhal_bsp.a(alt_exception_entry.o)
 *(.exceptions)
 .exceptions    0x010000ec       0xcc ../serial_port_bsp//libhal_bsp.a(alt_irq_handler.o)
                0x010000ec                alt_irq_handler
                0x010001b8                PROVIDE (__ram_exceptions_end, ABSOLUTE (.))
                0x01000020                PROVIDE (__flash_exceptions_start, LOADADDR (.exceptions))

.text           0x010001b8     0xd080
                0x010001b8                PROVIDE (stext, ABSOLUTE (.))
 *(.interp)
 *(.hash)
 *(.dynsym)
 *(.dynstr)
 *(.gnu.version)
 *(.gnu.version_d)
 *(.gnu.version_r)
 *(.rel.init)
 *(.rela.init)
 *(.rel.text .rel.text.* .rel.gnu.linkonce.t.*)
 *(.rela.text .rela.text.* .rela.gnu.linkonce.t.*)
 *(.rel.fini)
 *(.rela.fini)
 *(.rel.rodata .rel.rodata.* .rel.gnu.linkonce.r.*)
 *(.rela.rodata .rela.rodata.* .rela.gnu.linkonce.r.*)
 *(.rel.data .rel.data.* .rel.gnu.linkonce.d.*)
 *(.rela.data .rela.data.* .rela.gnu.linkonce.d.*)
 *(.rel.tdata .rel.tdata.* .rel.gnu.linkonce.td.*)
 *(.rela.tdata .rela.tdata.* .rela.gnu.linkonce.td.*)
 *(.rel.tbss .rel.tbss.* .rel.gnu.linkonce.tb.*)
 *(.rela.tbss .rela.tbss.* .rela.gnu.linkonce.tb.*)
 *(.rel.ctors)
 *(.rela.ctors)
 *(.rel.dtors)
 *(.rela.dtors)
 *(.rel.got)
 *(.rela.got)
 *(.rel.sdata .rel.sdata.* .rel.gnu.linkonce.s.*)
 *(.rela.sdata .rela.sdata.* .rela.gnu.linkonce.s.*)
 *(.rel.sbss .rel.sbss.* .rel.gnu.linkonce.sb.*)
 *(.rela.sbss .rela.sbss.* .rela.gnu.linkonce.sb.*)
 *(.rel.sdata2 .rel.sdata2.* .rel.gnu.linkonce.s2.*)
 *(.rela.sdata2 .rela.sdata2.* .rela.gnu.linkonce.s2.*)
 *(.rel.sbss2 .rel.sbss2.* .rel.gnu.linkonce.sb2.*)
 *(.rela.sbss2 .rela.sbss2.* .rela.gnu.linkonce.sb2.*)
 *(.rel.bss .rel.bss.* .rel.gnu.linkonce.b.*)
 *(.rela.bss .rela.bss.* .rela.gnu.linkonce.b.*)
 *(.rel.plt)
 *(.rela.plt)
 *(.rel.dyn)
 *(.init)
 *(.plt)
 *(.text .stub .text.* .gnu.linkonce.t.*)
 .text          0x010001b8       0x3c ../serial_port_bsp//obj/HAL/src/crt0.o
                0x010001b8                _start
 .text          0x010001f4      0x3c4 obj/default/serial_port.o
                0x010001f4                main
                0x01000270                WAIT
                0x010002b0                initLCD
                0x01000318                init_RS232
                0x01000368                init_Touch
                0x01000478                putCharRS232
                0x010004c8                getCharRS232
                0x01000514                RS232TestForReceivedData
                0x01000564                ScreenTouched
 .text          0x010005b8       0x78 /home/champ/altera/nios2eds/bin/gnu/H-i686-pc-linux-gnu/bin/../lib/gcc/nios2-elf/4.1.2/../../../../nios2-elf/lib/mno-hw-mul/libc.a(lib_a-printf.o)
                0x010005b8                printf
                0x010005fc                _printf_r
 .text          0x01000630       0xb4 /home/champ/altera/nios2eds/bin/gnu/H-i686-pc-linux-gnu/bin/../lib/gcc/nios2-elf/4.1.2/../../../../nios2-elf/lib/mno-hw-mul/libc.a(lib_a-puts.o)
                0x01000630                _puts_r
                0x010006d0                puts
 .text          0x010006e4       0x74 /home/champ/altera/nios2eds/bin/gnu/H-i686-pc-linux-gnu/bin/../lib/gcc/nios2-elf/4.1.2/../../../../nios2-elf/lib/mno-hw-mul/libc.a(lib_a-strlen.o)
                0x010006e4                strlen
 .text          0x01000758     0x1f40 /home/champ/altera/nios2eds/bin/gnu/H-i686-pc-linux-gnu/bin/../lib/gcc/nios2-elf/4.1.2/../../../../nios2-elf/lib/mno-hw-mul/libc.a(lib_a-vfprintf.o)
                0x010007b0                ___vfprintf_internal_r
                0x01002674                __vfprintf_internal
 .text          0x01002698      0x13c /home/champ/altera/nios2eds/bin/gnu/H-i686-pc-linux-gnu/bin/../lib/gcc/nios2-elf/4.1.2/../../../../nios2-elf/lib/mno-hw-mul/libc.a(lib_a-wsetup.o)
                0x01002698                __swsetup_r
 .text          0x010027d4     0x17f8 /home/champ/altera/nios2eds/bin/gnu/H-i686-pc-linux-gnu/bin/../lib/gcc/nios2-elf/4.1.2/../../../../nios2-elf/lib/mno-hw-mul/libc.a(lib_a-dtoa.o)
                0x01002a18                _dtoa_r
 .text          0x01003fcc      0x230 /home/champ/altera/nios2eds/bin/gnu/H-i686-pc-linux-gnu/bin/../lib/gcc/nios2-elf/4.1.2/../../../../nios2-elf/lib/mno-hw-mul/libc.a(lib_a-fflush.o)
                0x01003fcc                _fflush_r
                0x010041c8                fflush
 .text          0x010041fc      0x2f4 /home/champ/altera/nios2eds/bin/gnu/H-i686-pc-linux-gnu/bin/../lib/gcc/nios2-elf/4.1.2/../../../../nios2-elf/lib/mno-hw-mul/libc.a(lib_a-findfp.o)
                0x01004254                __sfp_lock_acquire
                0x01004258                __sfp_lock_release
                0x0100425c                __sinit_lock_acquire
                0x01004260                __sinit_lock_release
                0x01004264                __sinit
                0x01004318                __fp_unlock_all
                0x01004330                __fp_lock_all
                0x01004348                _cleanup_r
                0x01004354                _cleanup
                0x01004364                __sfmoreglue
                0x01004400                __sfp
 .text          0x010044f0      0x440 /home/champ/altera/nios2eds/bin/gnu/H-i686-pc-linux-gnu/bin/../lib/gcc/nios2-elf/4.1.2/../../../../nios2-elf/lib/mno-hw-mul/libc.a(lib_a-freer.o)
                0x010044f0                _malloc_trim_r
                0x0100461c                _free_r
 .text          0x01004930      0x49c /home/champ/altera/nios2eds/bin/gnu/H-i686-pc-linux-gnu/bin/../lib/gcc/nios2-elf/4.1.2/../../../../nios2-elf/lib/mno-hw-mul/libc.a(lib_a-fvwrite.o)
                0x01004930                __sfvwrite_r
 .text          0x01004dcc      0x180 /home/champ/altera/nios2eds/bin/gnu/H-i686-pc-linux-gnu/bin/../lib/gcc/nios2-elf/4.1.2/../../../../nios2-elf/lib/mno-hw-mul/libc.a(lib_a-fwalk.o)
                0x01004dcc                _fwalk_reent
                0x01004e94                _fwalk
 .text          0x01004f4c        0x0 /home/champ/altera/nios2eds/bin/gnu/H-i686-pc-linux-gnu/bin/../lib/gcc/nios2-elf/4.1.2/../../../../nios2-elf/lib/mno-hw-mul/libc.a(lib_a-impure.o)
 .text          0x01004f4c       0xc4 /home/champ/altera/nios2eds/bin/gnu/H-i686-pc-linux-gnu/bin/../lib/gcc/nios2-elf/4.1.2/../../../../nios2-elf/lib/mno-hw-mul/libc.a(lib_a-locale.o)
                0x01004f4c                __locale_charset
                0x01004f54                _localeconv_r
                0x01004f60                localeconv
                0x01004f70                _setlocale_r
                0x01004ff4                setlocale
 .text          0x01005010      0x194 /home/champ/altera/nios2eds/bin/gnu/H-i686-pc-linux-gnu/bin/../lib/gcc/nios2-elf/4.1.2/../../../../nios2-elf/lib/mno-hw-mul/libc.a(lib_a-makebuf.o)
                0x01005010                __smakebuf_r
 .text          0x010051a4      0x740 /home/champ/altera/nios2eds/bin/gnu/H-i686-pc-linux-gnu/bin/../lib/gcc/nios2-elf/4.1.2/../../../../nios2-elf/lib/mno-hw-mul/libc.a(lib_a-mallocr.o)
                0x010051a4                _malloc_r
 .text          0x010058e4       0xe4 /home/champ/altera/nios2eds/bin/gnu/H-i686-pc-linux-gnu/bin/../lib/gcc/nios2-elf/4.1.2/../../../../nios2-elf/lib/mno-hw-mul/libc.a(lib_a-memchr.o)
                0x010058e4                memchr
 .text          0x010059c8       0xa0 /home/champ/altera/nios2eds/bin/gnu/H-i686-pc-linux-gnu/bin/../lib/gcc/nios2-elf/4.1.2/../../../../nios2-elf/lib/mno-hw-mul/libc.a(lib_a-memcpy.o)
                0x010059c8                memcpy
 .text          0x01005a68       0xe0 /home/champ/altera/nios2eds/bin/gnu/H-i686-pc-linux-gnu/bin/../lib/gcc/nios2-elf/4.1.2/../../../../nios2-elf/lib/mno-hw-mul/libc.a(lib_a-memmove.o)
                0x01005a68                memmove
 .text          0x01005b48       0x98 /home/champ/altera/nios2eds/bin/gnu/H-i686-pc-linux-gnu/bin/../lib/gcc/nios2-elf/4.1.2/../../../../nios2-elf/lib/mno-hw-mul/libc.a(lib_a-memset.o)
                0x01005b48                memset
 .text          0x01005be0     0x108c /home/champ/altera/nios2eds/bin/gnu/H-i686-pc-linux-gnu/bin/../lib/gcc/nios2-elf/4.1.2/../../../../nios2-elf/lib/mno-hw-mul/libc.a(lib_a-mprec.o)
                0x01005be0                _Bfree
                0x01005c08                __hi0bits
                0x01005c78                __lo0bits
                0x01005d3c                __mcmp
                0x01005d9c                __ulp
                0x01005e1c                __b2d
                0x01005f3c                __ratio
                0x01005fec                _mprec_log10
                0x01006080                __copybits
                0x010060d8                __any_on
                0x01006160                _Balloc
                0x0100621c                __d2b
                0x01006398                __mdiff
                0x01006524                __lshift
                0x01006670                __multiply
                0x010068c4                __i2b
                0x01006900                __multadd
                0x01006a2c                __pow5mult
                0x01006b4c                __s2b
 .text          0x01006c6c      0x5f4 /home/champ/altera/nios2eds/bin/gnu/H-i686-pc-linux-gnu/bin/../lib/gcc/nios2-elf/4.1.2/../../../../nios2-elf/lib/mno-hw-mul/libc.a(lib_a-reallocr.o)
                0x01006c6c                _realloc_r
 .text          0x01007260       0x40 /home/champ/altera/nios2eds/bin/gnu/H-i686-pc-linux-gnu/bin/../lib/gcc/nios2-elf/4.1.2/../../../../nios2-elf/lib/mno-hw-mul/libc.a(lib_a-s_isinfd.o)
                0x01007260                __isinfd
 .text          0x010072a0       0x30 /home/champ/altera/nios2eds/bin/gnu/H-i686-pc-linux-gnu/bin/../lib/gcc/nios2-elf/4.1.2/../../../../nios2-elf/lib/mno-hw-mul/libc.a(lib_a-s_isnand.o)
                0x010072a0                __isnand
 .text          0x010072d0       0x70 /home/champ/altera/nios2eds/bin/gnu/H-i686-pc-linux-gnu/bin/../lib/gcc/nios2-elf/4.1.2/../../../../nios2-elf/lib/mno-hw-mul/libc.a(lib_a-sbrkr.o)
                0x010072d0                _sbrk_r
 .text          0x01007340      0x14c /home/champ/altera/nios2eds/bin/gnu/H-i686-pc-linux-gnu/bin/../lib/gcc/nios2-elf/4.1.2/../../../../nios2-elf/lib/mno-hw-mul/libc.a(lib_a-stdio.o)
                0x01007340                __sclose
                0x01007348                __sseek
                0x010073b0                __swrite
                0x0100742c                __sread
 .text          0x0100748c       0xbc /home/champ/altera/nios2eds/bin/gnu/H-i686-pc-linux-gnu/bin/../lib/gcc/nios2-elf/4.1.2/../../../../nios2-elf/lib/mno-hw-mul/libc.a(lib_a-strcmp.o)
                0x0100748c                strcmp
 .text          0x01007548       0x78 /home/champ/altera/nios2eds/bin/gnu/H-i686-pc-linux-gnu/bin/../lib/gcc/nios2-elf/4.1.2/../../../../nios2-elf/lib/mno-hw-mul/libc.a(lib_a-writer.o)
                0x01007548                _write_r
 .text          0x010075c0       0xc8 /home/champ/altera/nios2eds/bin/gnu/H-i686-pc-linux-gnu/bin/../lib/gcc/nios2-elf/4.1.2/../../../../nios2-elf/lib/mno-hw-mul/libc.a(lib_a-callocr.o)
                0x010075c0                _calloc_r
 .text          0x01007688       0x70 /home/champ/altera/nios2eds/bin/gnu/H-i686-pc-linux-gnu/bin/../lib/gcc/nios2-elf/4.1.2/../../../../nios2-elf/lib/mno-hw-mul/libc.a(lib_a-closer.o)
                0x01007688                _close_r
 .text          0x010076f8      0x124 /home/champ/altera/nios2eds/bin/gnu/H-i686-pc-linux-gnu/bin/../lib/gcc/nios2-elf/4.1.2/../../../../nios2-elf/lib/mno-hw-mul/libc.a(lib_a-fclose.o)
                0x010076f8                _fclose_r
                0x01007808                fclose
 .text          0x0100781c       0x74 /home/champ/altera/nios2eds/bin/gnu/H-i686-pc-linux-gnu/bin/../lib/gcc/nios2-elf/4.1.2/../../../../nios2-elf/lib/mno-hw-mul/libc.a(lib_a-fstatr.o)
                0x0100781c                _fstat_r
 .text          0x01007890        0x0 /home/champ/altera/nios2eds/bin/gnu/H-i686-pc-linux-gnu/bin/../lib/gcc/nios2-elf/4.1.2/../../../../nios2-elf/lib/mno-hw-mul/libc.a(lib_a-int_errno.o)
 .text          0x01007890       0x70 /home/champ/altera/nios2eds/bin/gnu/H-i686-pc-linux-gnu/bin/../lib/gcc/nios2-elf/4.1.2/../../../../nios2-elf/lib/mno-hw-mul/libc.a(lib_a-isattyr.o)
                0x01007890                _isatty_r
 .text          0x01007900       0x78 /home/champ/altera/nios2eds/bin/gnu/H-i686-pc-linux-gnu/bin/../lib/gcc/nios2-elf/4.1.2/../../../../nios2-elf/lib/mno-hw-mul/libc.a(lib_a-lseekr.o)
                0x01007900                _lseek_r
 .text          0x01007978       0x78 /home/champ/altera/nios2eds/bin/gnu/H-i686-pc-linux-gnu/bin/../lib/gcc/nios2-elf/4.1.2/../../../../nios2-elf/lib/mno-hw-mul/libc.a(lib_a-readr.o)
                0x01007978                _read_r
 .text          0x010079f0      0x66c /home/champ/altera/nios2eds/bin/gnu/H-i686-pc-linux-gnu/bin/../lib/gcc/nios2-elf/4.1.2/mno-hw-mul/libgcc.a(_udivdi3.o)
                0x010079f0                __udivdi3
 .text          0x0100805c      0x660 /home/champ/altera/nios2eds/bin/gnu/H-i686-pc-linux-gnu/bin/../lib/gcc/nios2-elf/4.1.2/mno-hw-mul/libgcc.a(_umoddi3.o)
                0x0100805c                __umoddi3
 .text          0x010086bc      0x504 /home/champ/altera/nios2eds/bin/gnu/H-i686-pc-linux-gnu/bin/../lib/gcc/nios2-elf/4.1.2/mno-hw-mul/libgcc.a(_addsub_df.o)
                0x01008acc                __subdf3
                0x01008b4c                __adddf3
 .text          0x01008bc0      0x3c4 /home/champ/altera/nios2eds/bin/gnu/H-i686-pc-linux-gnu/bin/../lib/gcc/nios2-elf/4.1.2/mno-hw-mul/libgcc.a(_mul_df.o)
                0x01008bc0                __muldf3
 .text          0x01008f84      0x258 /home/champ/altera/nios2eds/bin/gnu/H-i686-pc-linux-gnu/bin/../lib/gcc/nios2-elf/4.1.2/mno-hw-mul/libgcc.a(_div_df.o)
                0x01008f84                __divdf3
 .text          0x010091dc       0x88 /home/champ/altera/nios2eds/bin/gnu/H-i686-pc-linux-gnu/bin/../lib/gcc/nios2-elf/4.1.2/mno-hw-mul/libgcc.a(_eq_df.o)
                0x010091dc                __eqdf2
 .text          0x01009264       0x88 /home/champ/altera/nios2eds/bin/gnu/H-i686-pc-linux-gnu/bin/../lib/gcc/nios2-elf/4.1.2/mno-hw-mul/libgcc.a(_ne_df.o)
                0x01009264                __nedf2
 .text          0x010092ec       0x88 /home/champ/altera/nios2eds/bin/gnu/H-i686-pc-linux-gnu/bin/../lib/gcc/nios2-elf/4.1.2/mno-hw-mul/libgcc.a(_gt_df.o)
                0x010092ec                __gtdf2
 .text          0x01009374       0x88 /home/champ/altera/nios2eds/bin/gnu/H-i686-pc-linux-gnu/bin/../lib/gcc/nios2-elf/4.1.2/mno-hw-mul/libgcc.a(_ge_df.o)
                0x01009374                __gedf2
 .text          0x010093fc       0x88 /home/champ/altera/nios2eds/bin/gnu/H-i686-pc-linux-gnu/bin/../lib/gcc/nios2-elf/4.1.2/mno-hw-mul/libgcc.a(_lt_df.o)
                0x010093fc                __ltdf2
 .text          0x01009484       0xf8 /home/champ/altera/nios2eds/bin/gnu/H-i686-pc-linux-gnu/bin/../lib/gcc/nios2-elf/4.1.2/mno-hw-mul/libgcc.a(_si_to_df.o)
                0x01009484                __floatsidf
 .text          0x0100957c       0xd8 /home/champ/altera/nios2eds/bin/gnu/H-i686-pc-linux-gnu/bin/../lib/gcc/nios2-elf/4.1.2/mno-hw-mul/libgcc.a(_df_to_si.o)
                0x0100957c                __fixdfsi
 .text          0x01009654        0x0 /home/champ/altera/nios2eds/bin/gnu/H-i686-pc-linux-gnu/bin/../lib/gcc/nios2-elf/4.1.2/mno-hw-mul/libgcc.a(_thenan_df.o)
 .text          0x01009654      0x194 /home/champ/altera/nios2eds/bin/gnu/H-i686-pc-linux-gnu/bin/../lib/gcc/nios2-elf/4.1.2/mno-hw-mul/libgcc.a(_usi_to_df.o)
                0x01009654                __floatunsidf
 .text          0x010097e8      0x14c /home/champ/altera/nios2eds/bin/gnu/H-i686-pc-linux-gnu/bin/../lib/gcc/nios2-elf/4.1.2/mno-hw-mul/libgcc.a(lib2-divmod.o)
                0x01009864                __divsi3
                0x010098c4                __modsi3
                0x01009924                __udivsi3
                0x0100992c                __umodsi3
 .text          0x01009934       0x38 /home/champ/altera/nios2eds/bin/gnu/H-i686-pc-linux-gnu/bin/../lib/gcc/nios2-elf/4.1.2/mno-hw-mul/libgcc.a(lib2-mul.o)
                0x01009934                __mulsi3
 .text          0x0100996c      0x124 /home/champ/altera/nios2eds/bin/gnu/H-i686-pc-linux-gnu/bin/../lib/gcc/nios2-elf/4.1.2/mno-hw-mul/libgcc.a(_muldi3.o)
                0x0100996c                __muldi3
 .text          0x01009a90        0x0 /home/champ/altera/nios2eds/bin/gnu/H-i686-pc-linux-gnu/bin/../lib/gcc/nios2-elf/4.1.2/mno-hw-mul/libgcc.a(_clz.o)
 .text          0x01009a90       0x80 /home/champ/altera/nios2eds/bin/gnu/H-i686-pc-linux-gnu/bin/../lib/gcc/nios2-elf/4.1.2/mno-hw-mul/libgcc.a(_clzsi2.o)
                0x01009a90                __clzsi2
 .text          0x01009b10      0x314 /home/champ/altera/nios2eds/bin/gnu/H-i686-pc-linux-gnu/bin/../lib/gcc/nios2-elf/4.1.2/mno-hw-mul/libgcc.a(_pack_df.o)
                0x01009b10                __pack_d
 .text          0x01009e24      0x138 /home/champ/altera/nios2eds/bin/gnu/H-i686-pc-linux-gnu/bin/../lib/gcc/nios2-elf/4.1.2/mno-hw-mul/libgcc.a(_unpack_df.o)
                0x01009e24                __unpack_d
 .text          0x01009f5c       0xc8 /home/champ/altera/nios2eds/bin/gnu/H-i686-pc-linux-gnu/bin/../lib/gcc/nios2-elf/4.1.2/mno-hw-mul/libgcc.a(_fpcmp_parts_df.o)
                0x01009f5c                __fpcmp_parts_d
 .text          0x0100a024      0x160 ../serial_port_bsp//libhal_bsp.a(alt_close.o)
                0x0100a024                close
 .text          0x0100a184       0x2c ../serial_port_bsp//libhal_bsp.a(alt_dev.o)
 .text          0x0100a1b0        0x0 ../serial_port_bsp//libhal_bsp.a(alt_errno.o)
 .text          0x0100a1b0      0x138 ../serial_port_bsp//libhal_bsp.a(alt_fstat.o)
                0x0100a1b0                fstat
 .text          0x0100a2e8      0x124 ../serial_port_bsp//libhal_bsp.a(alt_isatty.o)
                0x0100a2e8                isatty
 .text          0x0100a40c       0xec ../serial_port_bsp//libhal_bsp.a(alt_load.o)
                0x0100a40c                alt_load
 .text          0x0100a4f8      0x154 ../serial_port_bsp//libhal_bsp.a(alt_lseek.o)
                0x0100a4f8                lseek
 .text          0x0100a64c       0x6c ../serial_port_bsp//libhal_bsp.a(alt_main.o)
                0x0100a64c                alt_main
 .text          0x0100a6b8       0x40 ../serial_port_bsp//libhal_bsp.a(alt_malloc_lock.o)
                0x0100a6b8                __malloc_lock
                0x0100a6d8                __malloc_unlock
 .text          0x0100a6f8      0x184 ../serial_port_bsp//libhal_bsp.a(alt_read.o)
                0x0100a6f8                read
 .text          0x0100a87c       0x78 ../serial_port_bsp//libhal_bsp.a(alt_release_fd.o)
                0x0100a87c                alt_release_fd
 .text          0x0100a8f4       0xbc ../serial_port_bsp//libhal_bsp.a(alt_sbrk.o)
                0x0100a8f4                sbrk
 .text          0x0100a9b0      0x184 ../serial_port_bsp//libhal_bsp.a(alt_write.o)
                0x0100a9b0                write
 .text          0x0100ab34       0xe8 ../serial_port_bsp//libhal_bsp.a(alt_sys_init.o)
                0x0100ab34                alt_irq_init
                0x0100ab68                alt_sys_init
 .text          0x0100ac1c      0x148 ../serial_port_bsp//libhal_bsp.a(altera_avalon_jtag_uart_fd.o)
                0x0100ac1c                altera_avalon_jtag_uart_read_fd
                0x0100ac74                altera_avalon_jtag_uart_write_fd
                0x0100accc                altera_avalon_jtag_uart_close_fd
                0x0100ad14                altera_avalon_jtag_uart_ioctl_fd
 .text          0x0100ad64      0x408 ../serial_port_bsp//libhal_bsp.a(altera_avalon_jtag_uart_init.o)
                0x0100ad64                altera_avalon_jtag_uart_init
                0x0100b0f8                altera_avalon_jtag_uart_close
 .text          0x0100b16c       0xf4 ../serial_port_bsp//libhal_bsp.a(altera_avalon_jtag_uart_ioctl.o)
                0x0100b16c                altera_avalon_jtag_uart_ioctl
 .text          0x0100b260      0x224 ../serial_port_bsp//libhal_bsp.a(altera_avalon_jtag_uart_read.o)
                0x0100b260                altera_avalon_jtag_uart_read
 .text          0x0100b484      0x240 ../serial_port_bsp//libhal_bsp.a(altera_avalon_jtag_uart_write.o)
                0x0100b484                altera_avalon_jtag_uart_write
 .text          0x0100b6c4       0xfc ../serial_port_bsp//libhal_bsp.a(altera_avalon_timer_sc.o)
                0x0100b738                alt_avalon_timer_sc_init
 .text          0x0100b7c0      0x530 ../serial_port_bsp//libhal_bsp.a(altera_up_avalon_character_lcd.o)
                0x0100b7c0                get_DDRAM_addr
                0x0100b83c                alt_up_character_lcd_send_cmd
                0x0100b870                alt_up_character_lcd_init
                0x0100b8a4                alt_up_character_lcd_open_dev
                0x0100b8e4                alt_up_character_lcd_write
                0x0100b95c                alt_up_character_lcd_string
                0x0100b9d4                alt_up_character_lcd_write_fd
                0x0100ba20                alt_up_character_lcd_set_cursor_pos
                0x0100ba98                alt_up_character_lcd_shift_cursor
                0x0100bb48                alt_up_character_lcd_shift_display
                0x0100bbf8                alt_up_character_lcd_erase_pos
                0x0100bc88                alt_up_character_lcd_cursor_off
                0x0100bcbc                alt_up_character_lcd_cursor_blink_on
 .text          0x0100bcf0      0x398 ../serial_port_bsp//libhal_bsp.a(altera_up_avalon_rs232.o)
                0x0100bcf0                alt_up_rs232_enable_read_interrupt
                0x0100bd44                alt_up_rs232_disable_read_interrupt
                0x0100bd9c                alt_up_rs232_get_used_space_in_read_FIFO
                0x0100bdd8                alt_up_rs232_get_available_space_in_write_FIFO
                0x0100be18                alt_up_rs232_check_parity
                0x0100be68                alt_up_rs232_write_data
                0x0100beb0                alt_up_rs232_read_data
                0x0100bf24                alt_up_rs232_read_fd
                0x0100bfb4                alt_up_rs232_write_fd
                0x0100c048                alt_up_rs232_open_dev
 .text          0x0100c088      0x154 ../serial_port_bsp//libhal_bsp.a(alt_alarm_start.o)
                0x0100c088                alt_alarm_start
 .text          0x0100c1dc       0x1c ../serial_port_bsp//libhal_bsp.a(alt_dcache_flush_all.o)
                0x0100c1dc                alt_dcache_flush_all
 .text          0x0100c1f8      0x114 ../serial_port_bsp//libhal_bsp.a(alt_dev_llist_insert.o)
                0x0100c1f8                alt_dev_llist_insert
 .text          0x0100c30c       0x64 ../serial_port_bsp//libhal_bsp.a(alt_do_ctors.o)
                0x0100c30c                _do_ctors
 .text          0x0100c370       0x64 ../serial_port_bsp//libhal_bsp.a(alt_do_dtors.o)
                0x0100c370                _do_dtors
 .text          0x0100c3d4       0x94 ../serial_port_bsp//libhal_bsp.a(alt_find_dev.o)
                0x0100c3d4                alt_find_dev
 .text          0x0100c468       0x1c ../serial_port_bsp//libhal_bsp.a(alt_icache_flush_all.o)
                0x0100c468                alt_icache_flush_all
 .text          0x0100c484      0x150 ../serial_port_bsp//libhal_bsp.a(alt_io_redirect.o)
                0x0100c55c                alt_io_redirect
 .text          0x0100c5d4      0x1c0 ../serial_port_bsp//libhal_bsp.a(alt_irq_register.o)
                0x0100c5d4                alt_irq_register
 .text          0x0100c794        0x0 ../serial_port_bsp//libhal_bsp.a(alt_irq_vars.o)
 .text          0x0100c794      0x2e4 ../serial_port_bsp//libhal_bsp.a(alt_open.o)
                0x0100c88c                open
 .text          0x0100ca78      0x1a4 ../serial_port_bsp//libhal_bsp.a(alt_tick.o)
                0x0100ca78                alt_alarm_stop
                0x0100cb10                alt_tick
 .text          0x0100cc1c       0x20 ../serial_port_bsp//libhal_bsp.a(altera_nios2_qsys_irq.o)
                0x0100cc1c                altera_nios2_qsys_irq_init
 .text          0x0100cc3c      0x120 ../serial_port_bsp//libhal_bsp.a(alt_find_file.o)
                0x0100cc3c                alt_find_file
 .text          0x0100cd5c       0xd0 ../serial_port_bsp//libhal_bsp.a(alt_get_fd.o)
                0x0100cd5c                alt_get_fd
 .text          0x0100ce2c        0x0 ../serial_port_bsp//libhal_bsp.a(alt_irq_entry.o)
 .text          0x0100ce2c        0x0 ../serial_port_bsp//libhal_bsp.a(alt_irq_handler.o)
 .text          0x0100ce2c        0x0 ../serial_port_bsp//libhal_bsp.a(alt_exception_entry.o)
 .text          0x0100ce2c       0x14 /home/champ/altera/nios2eds/bin/gnu/H-i686-pc-linux-gnu/bin/../lib/gcc/nios2-elf/4.1.2/../../../../nios2-elf/lib/mno-hw-mul/libc.a(lib_a-atexit.o)
                0x0100ce2c                atexit
 .text          0x0100ce40       0x38 /home/champ/altera/nios2eds/bin/gnu/H-i686-pc-linux-gnu/bin/../lib/gcc/nios2-elf/4.1.2/../../../../nios2-elf/lib/mno-hw-mul/libc.a(lib_a-exit.o)
                0x0100ce40                exit
 .text          0x0100ce78       0x74 /home/champ/altera/nios2eds/bin/gnu/H-i686-pc-linux-gnu/bin/../lib/gcc/nios2-elf/4.1.2/../../../../nios2-elf/lib/mno-hw-mul/libc.a(lib_a-memcmp.o)
                0x0100ce78                memcmp
 .text          0x0100ceec      0x134 /home/champ/altera/nios2eds/bin/gnu/H-i686-pc-linux-gnu/bin/../lib/gcc/nios2-elf/4.1.2/../../../../nios2-elf/lib/mno-hw-mul/libc.a(lib_a-__atexit.o)
                0x0100ceec                __register_exitproc
 .text          0x0100d020      0x1b4 /home/champ/altera/nios2eds/bin/gnu/H-i686-pc-linux-gnu/bin/../lib/gcc/nios2-elf/4.1.2/../../../../nios2-elf/lib/mno-hw-mul/libc.a(lib_a-__call_atexit.o)
                0x0100d024                __call_exitprocs
 .text          0x0100d1d4       0x60 ../serial_port_bsp//libhal_bsp.a(alt_exit.o)
                0x0100d214                _exit
 *(.gnu.warning.*)
 *(.fini)
                0x0100d234                PROVIDE (__etext, ABSOLUTE (.))
                0x0100d234                PROVIDE (_etext, ABSOLUTE (.))
                0x0100d234                PROVIDE (etext, ABSOLUTE (.))
 *(.eh_frame_hdr)
                0x0100d234                . = ALIGN (0x4)
                0x0100d234                PROVIDE (__preinit_array_start, ABSOLUTE (.))
 *(.preinit_array)
                0x0100d234                PROVIDE (__preinit_array_end, ABSOLUTE (.))
                0x0100d234                PROVIDE (__init_array_start, ABSOLUTE (.))
 *(.init_array)
                0x0100d234                PROVIDE (__init_array_end, ABSOLUTE (.))
                0x0100d234                PROVIDE (__fini_array_start, ABSOLUTE (.))
 *(.fini_array)
                0x0100d234                PROVIDE (__fini_array_end, ABSOLUTE (.))
 *(.eh_frame)
 *(.gcc_except_table)
 *(.dynamic)
                0x0100d234                PROVIDE (__CTOR_LIST__, ABSOLUTE (.))
 *(.ctors)
 *(SORT(.ctors.*))
 .ctors.65535   0x0100d234        0x4 /home/champ/altera/nios2eds/bin/gnu/H-i686-pc-linux-gnu/bin/../lib/gcc/nios2-elf/4.1.2/../../../../nios2-elf/lib/mno-hw-mul/libc.a(lib_a-__call_atexit.o)
                0x0100d238                PROVIDE (__CTOR_END__, ABSOLUTE (.))
                0x0100d238                PROVIDE (__DTOR_LIST__, ABSOLUTE (.))
 *(.dtors)
 *(SORT(.dtors.*))
                0x0100d238                PROVIDE (__DTOR_END__, ABSOLUTE (.))
 *(.jcr)
                0x0100d238                . = ALIGN (0x4)

.rodata         0x0100d238      0x468
                0x0100d238                PROVIDE (__ram_rodata_start, ABSOLUTE (.))
                0x0100d238                . = ALIGN (0x4)
 *(.rodata .rodata.* .gnu.linkonce.r.*)
 .rodata        0x0100d238       0xfc obj/default/serial_port.o
 .rodata.str1.4
                0x0100d334        0x2 /home/champ/altera/nios2eds/bin/gnu/H-i686-pc-linux-gnu/bin/../lib/gcc/nios2-elf/4.1.2/../../../../nios2-elf/lib/mno-hw-mul/libc.a(lib_a-puts.o)
                                  0x4 (size before relaxing)
 *fill*         0x0100d336        0x2 00
 .rodata.str1.4
                0x0100d338       0x5e /home/champ/altera/nios2eds/bin/gnu/H-i686-pc-linux-gnu/bin/../lib/gcc/nios2-elf/4.1.2/../../../../nios2-elf/lib/mno-hw-mul/libc.a(lib_a-vfprintf.o)
                                 0x60 (size before relaxing)
 .rodata        0x0100d396       0x20 /home/champ/altera/nios2eds/bin/gnu/H-i686-pc-linux-gnu/bin/../lib/gcc/nios2-elf/4.1.2/../../../../nios2-elf/lib/mno-hw-mul/libc.a(lib_a-vfprintf.o)
 *fill*         0x0100d3b6        0x2 00
 .rodata.str1.4
                0x0100d3b8       0x10 /home/champ/altera/nios2eds/bin/gnu/H-i686-pc-linux-gnu/bin/../lib/gcc/nios2-elf/4.1.2/../../../../nios2-elf/lib/mno-hw-mul/libc.a(lib_a-dtoa.o)
                                 0x14 (size before relaxing)
 .rodata.str1.4
                0x0100d3c8        0x2 /home/champ/altera/nios2eds/bin/gnu/H-i686-pc-linux-gnu/bin/../lib/gcc/nios2-elf/4.1.2/../../../../nios2-elf/lib/mno-hw-mul/libc.a(lib_a-impure.o)
                                  0x4 (size before relaxing)
 *fill*         0x0100d3ca        0x2 00
 .rodata.str1.4
                0x0100d3cc       0x10 /home/champ/altera/nios2eds/bin/gnu/H-i686-pc-linux-gnu/bin/../lib/gcc/nios2-elf/4.1.2/../../../../nios2-elf/lib/mno-hw-mul/libc.a(lib_a-locale.o)
                                 0x18 (size before relaxing)
 .rodata        0x0100d3dc       0x30 /home/champ/altera/nios2eds/bin/gnu/H-i686-pc-linux-gnu/bin/../lib/gcc/nios2-elf/4.1.2/../../../../nios2-elf/lib/mno-hw-mul/libc.a(lib_a-locale.o)
 .rodata        0x0100d40c      0x124 /home/champ/altera/nios2eds/bin/gnu/H-i686-pc-linux-gnu/bin/../lib/gcc/nios2-elf/4.1.2/../../../../nios2-elf/lib/mno-hw-mul/libc.a(lib_a-mprec.o)
                0x0100d40c                __mprec_tens
                0x0100d4d4                __mprec_bigtens
                0x0100d4fc                __mprec_tinytens
 .rodata        0x0100d530       0x14 /home/champ/altera/nios2eds/bin/gnu/H-i686-pc-linux-gnu/bin/../lib/gcc/nios2-elf/4.1.2/mno-hw-mul/libgcc.a(_thenan_df.o)
                0x0100d530                __thenan_df
 .rodata        0x0100d544      0x100 /home/champ/altera/nios2eds/bin/gnu/H-i686-pc-linux-gnu/bin/../lib/gcc/nios2-elf/4.1.2/mno-hw-mul/libgcc.a(_clz.o)
                0x0100d544                __clz_tab
 .rodata        0x0100d644        0xc ../serial_port_bsp//libhal_bsp.a(alt_dev.o)
 .rodata        0x0100d650       0x14 ../serial_port_bsp//libhal_bsp.a(alt_main.o)
 .rodata        0x0100d664       0x3c ../serial_port_bsp//libhal_bsp.a(alt_sys_init.o)
 *(.rodata1)
                0x0100d6a0                . = ALIGN (0x4)
                0x0100d6a0                PROVIDE (__ram_rodata_end, ABSOLUTE (.))
                0x0100d238                PROVIDE (__flash_rodata_start, LOADADDR (.rodata))

.rwdata         0x0100d6a0     0x1ab4 load address 0x0100f154
                0x0100d6a0                PROVIDE (__ram_rwdata_start, ABSOLUTE (.))
                0x0100d6a0                . = ALIGN (0x4)
 *(.got.plt)
 *(.got)
 *(.data1)
 *(.data .data.* .gnu.linkonce.d.*)
 .data          0x0100d6a0        0x0 ../serial_port_bsp//obj/HAL/src/crt0.o
 .data          0x0100d6a0        0x0 obj/default/serial_port.o
 .data          0x0100d6a0        0x0 /home/champ/altera/nios2eds/bin/gnu/H-i686-pc-linux-gnu/bin/../lib/gcc/nios2-elf/4.1.2/../../../../nios2-elf/lib/mno-hw-mul/libc.a(lib_a-printf.o)
 .data          0x0100d6a0        0x0 /home/champ/altera/nios2eds/bin/gnu/H-i686-pc-linux-gnu/bin/../lib/gcc/nios2-elf/4.1.2/../../../../nios2-elf/lib/mno-hw-mul/libc.a(lib_a-puts.o)
 .data          0x0100d6a0        0x0 /home/champ/altera/nios2eds/bin/gnu/H-i686-pc-linux-gnu/bin/../lib/gcc/nios2-elf/4.1.2/../../../../nios2-elf/lib/mno-hw-mul/libc.a(lib_a-strlen.o)
 .data          0x0100d6a0        0x0 /home/champ/altera/nios2eds/bin/gnu/H-i686-pc-linux-gnu/bin/../lib/gcc/nios2-elf/4.1.2/../../../../nios2-elf/lib/mno-hw-mul/libc.a(lib_a-vfprintf.o)
 .data          0x0100d6a0        0x0 /home/champ/altera/nios2eds/bin/gnu/H-i686-pc-linux-gnu/bin/../lib/gcc/nios2-elf/4.1.2/../../../../nios2-elf/lib/mno-hw-mul/libc.a(lib_a-wsetup.o)
 .data          0x0100d6a0        0x0 /home/champ/altera/nios2eds/bin/gnu/H-i686-pc-linux-gnu/bin/../lib/gcc/nios2-elf/4.1.2/../../../../nios2-elf/lib/mno-hw-mul/libc.a(lib_a-dtoa.o)
 .data          0x0100d6a0        0x0 /home/champ/altera/nios2eds/bin/gnu/H-i686-pc-linux-gnu/bin/../lib/gcc/nios2-elf/4.1.2/../../../../nios2-elf/lib/mno-hw-mul/libc.a(lib_a-fflush.o)
 .data          0x0100d6a0        0x0 /home/champ/altera/nios2eds/bin/gnu/H-i686-pc-linux-gnu/bin/../lib/gcc/nios2-elf/4.1.2/../../../../nios2-elf/lib/mno-hw-mul/libc.a(lib_a-findfp.o)
 .data          0x0100d6a0        0x0 /home/champ/altera/nios2eds/bin/gnu/H-i686-pc-linux-gnu/bin/../lib/gcc/nios2-elf/4.1.2/../../../../nios2-elf/lib/mno-hw-mul/libc.a(lib_a-freer.o)
 .data          0x0100d6a0        0x0 /home/champ/altera/nios2eds/bin/gnu/H-i686-pc-linux-gnu/bin/../lib/gcc/nios2-elf/4.1.2/../../../../nios2-elf/lib/mno-hw-mul/libc.a(lib_a-fvwrite.o)
 .data          0x0100d6a0        0x0 /home/champ/altera/nios2eds/bin/gnu/H-i686-pc-linux-gnu/bin/../lib/gcc/nios2-elf/4.1.2/../../../../nios2-elf/lib/mno-hw-mul/libc.a(lib_a-fwalk.o)
 .data          0x0100d6a0      0x400 /home/champ/altera/nios2eds/bin/gnu/H-i686-pc-linux-gnu/bin/../lib/gcc/nios2-elf/4.1.2/../../../../nios2-elf/lib/mno-hw-mul/libc.a(lib_a-impure.o)
 .data          0x0100daa0        0xc /home/champ/altera/nios2eds/bin/gnu/H-i686-pc-linux-gnu/bin/../lib/gcc/nios2-elf/4.1.2/../../../../nios2-elf/lib/mno-hw-mul/libc.a(lib_a-locale.o)
                0x0100daa0                __lc_ctype
 .data          0x0100daac        0x0 /home/champ/altera/nios2eds/bin/gnu/H-i686-pc-linux-gnu/bin/../lib/gcc/nios2-elf/4.1.2/../../../../nios2-elf/lib/mno-hw-mul/libc.a(lib_a-makebuf.o)
 .data          0x0100daac      0x408 /home/champ/altera/nios2eds/bin/gnu/H-i686-pc-linux-gnu/bin/../lib/gcc/nios2-elf/4.1.2/../../../../nios2-elf/lib/mno-hw-mul/libc.a(lib_a-mallocr.o)
                0x0100daac                __malloc_av_
 .data          0x0100deb4        0x0 /home/champ/altera/nios2eds/bin/gnu/H-i686-pc-linux-gnu/bin/../lib/gcc/nios2-elf/4.1.2/../../../../nios2-elf/lib/mno-hw-mul/libc.a(lib_a-memchr.o)
 .data          0x0100deb4        0x0 /home/champ/altera/nios2eds/bin/gnu/H-i686-pc-linux-gnu/bin/../lib/gcc/nios2-elf/4.1.2/../../../../nios2-elf/lib/mno-hw-mul/libc.a(lib_a-memcpy.o)
 .data          0x0100deb4        0x0 /home/champ/altera/nios2eds/bin/gnu/H-i686-pc-linux-gnu/bin/../lib/gcc/nios2-elf/4.1.2/../../../../nios2-elf/lib/mno-hw-mul/libc.a(lib_a-memmove.o)
 .data          0x0100deb4        0x0 /home/champ/altera/nios2eds/bin/gnu/H-i686-pc-linux-gnu/bin/../lib/gcc/nios2-elf/4.1.2/../../../../nios2-elf/lib/mno-hw-mul/libc.a(lib_a-memset.o)
 .data          0x0100deb4        0x0 /home/champ/altera/nios2eds/bin/gnu/H-i686-pc-linux-gnu/bin/../lib/gcc/nios2-elf/4.1.2/../../../../nios2-elf/lib/mno-hw-mul/libc.a(lib_a-mprec.o)
 .data          0x0100deb4        0x0 /home/champ/altera/nios2eds/bin/gnu/H-i686-pc-linux-gnu/bin/../lib/gcc/nios2-elf/4.1.2/../../../../nios2-elf/lib/mno-hw-mul/libc.a(lib_a-reallocr.o)
 .data          0x0100deb4        0x0 /home/champ/altera/nios2eds/bin/gnu/H-i686-pc-linux-gnu/bin/../lib/gcc/nios2-elf/4.1.2/../../../../nios2-elf/lib/mno-hw-mul/libc.a(lib_a-s_isinfd.o)
 .data          0x0100deb4        0x0 /home/champ/altera/nios2eds/bin/gnu/H-i686-pc-linux-gnu/bin/../lib/gcc/nios2-elf/4.1.2/../../../../nios2-elf/lib/mno-hw-mul/libc.a(lib_a-s_isnand.o)
 .data          0x0100deb4        0x0 /home/champ/altera/nios2eds/bin/gnu/H-i686-pc-linux-gnu/bin/../lib/gcc/nios2-elf/4.1.2/../../../../nios2-elf/lib/mno-hw-mul/libc.a(lib_a-sbrkr.o)
 .data          0x0100deb4        0x0 /home/champ/altera/nios2eds/bin/gnu/H-i686-pc-linux-gnu/bin/../lib/gcc/nios2-elf/4.1.2/../../../../nios2-elf/lib/mno-hw-mul/libc.a(lib_a-stdio.o)
 .data          0x0100deb4        0x0 /home/champ/altera/nios2eds/bin/gnu/H-i686-pc-linux-gnu/bin/../lib/gcc/nios2-elf/4.1.2/../../../../nios2-elf/lib/mno-hw-mul/libc.a(lib_a-strcmp.o)
 .data          0x0100deb4        0x0 /home/champ/altera/nios2eds/bin/gnu/H-i686-pc-linux-gnu/bin/../lib/gcc/nios2-elf/4.1.2/../../../../nios2-elf/lib/mno-hw-mul/libc.a(lib_a-writer.o)
 .data          0x0100deb4        0x0 /home/champ/altera/nios2eds/bin/gnu/H-i686-pc-linux-gnu/bin/../lib/gcc/nios2-elf/4.1.2/../../../../nios2-elf/lib/mno-hw-mul/libc.a(lib_a-callocr.o)
 .data          0x0100deb4        0x0 /home/champ/altera/nios2eds/bin/gnu/H-i686-pc-linux-gnu/bin/../lib/gcc/nios2-elf/4.1.2/../../../../nios2-elf/lib/mno-hw-mul/libc.a(lib_a-closer.o)
 .data          0x0100deb4        0x0 /home/champ/altera/nios2eds/bin/gnu/H-i686-pc-linux-gnu/bin/../lib/gcc/nios2-elf/4.1.2/../../../../nios2-elf/lib/mno-hw-mul/libc.a(lib_a-fclose.o)
 .data          0x0100deb4        0x0 /home/champ/altera/nios2eds/bin/gnu/H-i686-pc-linux-gnu/bin/../lib/gcc/nios2-elf/4.1.2/../../../../nios2-elf/lib/mno-hw-mul/libc.a(lib_a-fstatr.o)
 .data          0x0100deb4        0x0 /home/champ/altera/nios2eds/bin/gnu/H-i686-pc-linux-gnu/bin/../lib/gcc/nios2-elf/4.1.2/../../../../nios2-elf/lib/mno-hw-mul/libc.a(lib_a-int_errno.o)
 .data          0x0100deb4        0x0 /home/champ/altera/nios2eds/bin/gnu/H-i686-pc-linux-gnu/bin/../lib/gcc/nios2-elf/4.1.2/../../../../nios2-elf/lib/mno-hw-mul/libc.a(lib_a-isattyr.o)
 .data          0x0100deb4        0x0 /home/champ/altera/nios2eds/bin/gnu/H-i686-pc-linux-gnu/bin/../lib/gcc/nios2-elf/4.1.2/../../../../nios2-elf/lib/mno-hw-mul/libc.a(lib_a-lseekr.o)
 .data          0x0100deb4        0x0 /home/champ/altera/nios2eds/bin/gnu/H-i686-pc-linux-gnu/bin/../lib/gcc/nios2-elf/4.1.2/../../../../nios2-elf/lib/mno-hw-mul/libc.a(lib_a-readr.o)
 .data          0x0100deb4        0x0 /home/champ/altera/nios2eds/bin/gnu/H-i686-pc-linux-gnu/bin/../lib/gcc/nios2-elf/4.1.2/mno-hw-mul/libgcc.a(_udivdi3.o)
 .data          0x0100deb4        0x0 /home/champ/altera/nios2eds/bin/gnu/H-i686-pc-linux-gnu/bin/../lib/gcc/nios2-elf/4.1.2/mno-hw-mul/libgcc.a(_umoddi3.o)
 .data          0x0100deb4        0x0 /home/champ/altera/nios2eds/bin/gnu/H-i686-pc-linux-gnu/bin/../lib/gcc/nios2-elf/4.1.2/mno-hw-mul/libgcc.a(_addsub_df.o)
 .data          0x0100deb4        0x0 /home/champ/altera/nios2eds/bin/gnu/H-i686-pc-linux-gnu/bin/../lib/gcc/nios2-elf/4.1.2/mno-hw-mul/libgcc.a(_mul_df.o)
 .data          0x0100deb4        0x0 /home/champ/altera/nios2eds/bin/gnu/H-i686-pc-linux-gnu/bin/../lib/gcc/nios2-elf/4.1.2/mno-hw-mul/libgcc.a(_div_df.o)
 .data          0x0100deb4        0x0 /home/champ/altera/nios2eds/bin/gnu/H-i686-pc-linux-gnu/bin/../lib/gcc/nios2-elf/4.1.2/mno-hw-mul/libgcc.a(_eq_df.o)
 .data          0x0100deb4        0x0 /home/champ/altera/nios2eds/bin/gnu/H-i686-pc-linux-gnu/bin/../lib/gcc/nios2-elf/4.1.2/mno-hw-mul/libgcc.a(_ne_df.o)
 .data          0x0100deb4        0x0 /home/champ/altera/nios2eds/bin/gnu/H-i686-pc-linux-gnu/bin/../lib/gcc/nios2-elf/4.1.2/mno-hw-mul/libgcc.a(_gt_df.o)
 .data          0x0100deb4        0x0 /home/champ/altera/nios2eds/bin/gnu/H-i686-pc-linux-gnu/bin/../lib/gcc/nios2-elf/4.1.2/mno-hw-mul/libgcc.a(_ge_df.o)
 .data          0x0100deb4        0x0 /home/champ/altera/nios2eds/bin/gnu/H-i686-pc-linux-gnu/bin/../lib/gcc/nios2-elf/4.1.2/mno-hw-mul/libgcc.a(_lt_df.o)
 .data          0x0100deb4        0x0 /home/champ/altera/nios2eds/bin/gnu/H-i686-pc-linux-gnu/bin/../lib/gcc/nios2-elf/4.1.2/mno-hw-mul/libgcc.a(_si_to_df.o)
 .data          0x0100deb4        0x0 /home/champ/altera/nios2eds/bin/gnu/H-i686-pc-linux-gnu/bin/../lib/gcc/nios2-elf/4.1.2/mno-hw-mul/libgcc.a(_df_to_si.o)
 .data          0x0100deb4        0x0 /home/champ/altera/nios2eds/bin/gnu/H-i686-pc-linux-gnu/bin/../lib/gcc/nios2-elf/4.1.2/mno-hw-mul/libgcc.a(_thenan_df.o)
 .data          0x0100deb4        0x0 /home/champ/altera/nios2eds/bin/gnu/H-i686-pc-linux-gnu/bin/../lib/gcc/nios2-elf/4.1.2/mno-hw-mul/libgcc.a(_usi_to_df.o)
 .data          0x0100deb4        0x0 /home/champ/altera/nios2eds/bin/gnu/H-i686-pc-linux-gnu/bin/../lib/gcc/nios2-elf/4.1.2/mno-hw-mul/libgcc.a(lib2-divmod.o)
 .data          0x0100deb4        0x0 /home/champ/altera/nios2eds/bin/gnu/H-i686-pc-linux-gnu/bin/../lib/gcc/nios2-elf/4.1.2/mno-hw-mul/libgcc.a(lib2-mul.o)
 .data          0x0100deb4        0x0 /home/champ/altera/nios2eds/bin/gnu/H-i686-pc-linux-gnu/bin/../lib/gcc/nios2-elf/4.1.2/mno-hw-mul/libgcc.a(_muldi3.o)
 .data          0x0100deb4        0x0 /home/champ/altera/nios2eds/bin/gnu/H-i686-pc-linux-gnu/bin/../lib/gcc/nios2-elf/4.1.2/mno-hw-mul/libgcc.a(_clz.o)
 .data          0x0100deb4        0x0 /home/champ/altera/nios2eds/bin/gnu/H-i686-pc-linux-gnu/bin/../lib/gcc/nios2-elf/4.1.2/mno-hw-mul/libgcc.a(_clzsi2.o)
 .data          0x0100deb4        0x0 /home/champ/altera/nios2eds/bin/gnu/H-i686-pc-linux-gnu/bin/../lib/gcc/nios2-elf/4.1.2/mno-hw-mul/libgcc.a(_pack_df.o)
 .data          0x0100deb4        0x0 /home/champ/altera/nios2eds/bin/gnu/H-i686-pc-linux-gnu/bin/../lib/gcc/nios2-elf/4.1.2/mno-hw-mul/libgcc.a(_unpack_df.o)
 .data          0x0100deb4        0x0 /home/champ/altera/nios2eds/bin/gnu/H-i686-pc-linux-gnu/bin/../lib/gcc/nios2-elf/4.1.2/mno-hw-mul/libgcc.a(_fpcmp_parts_df.o)
 .data          0x0100deb4        0x0 ../serial_port_bsp//libhal_bsp.a(alt_close.o)
 .data          0x0100deb4      0x1a8 ../serial_port_bsp//libhal_bsp.a(alt_dev.o)
                0x0100deb4                alt_dev_null
                0x0100dedc                alt_fd_list
 .data          0x0100e05c        0x0 ../serial_port_bsp//libhal_bsp.a(alt_errno.o)
 .data          0x0100e05c        0x0 ../serial_port_bsp//libhal_bsp.a(alt_fstat.o)
 .data          0x0100e05c        0x0 ../serial_port_bsp//libhal_bsp.a(alt_isatty.o)
 .data          0x0100e05c        0x0 ../serial_port_bsp//libhal_bsp.a(alt_load.o)
 .data          0x0100e05c        0x0 ../serial_port_bsp//libhal_bsp.a(alt_lseek.o)
 .data          0x0100e05c        0x0 ../serial_port_bsp//libhal_bsp.a(alt_main.o)
 .data          0x0100e05c        0x0 ../serial_port_bsp//libhal_bsp.a(alt_malloc_lock.o)
 .data          0x0100e05c        0x0 ../serial_port_bsp//libhal_bsp.a(alt_read.o)
 .data          0x0100e05c        0x0 ../serial_port_bsp//libhal_bsp.a(alt_release_fd.o)
 .data          0x0100e05c        0x0 ../serial_port_bsp//libhal_bsp.a(alt_sbrk.o)
 .data          0x0100e05c        0x0 ../serial_port_bsp//libhal_bsp.a(alt_write.o)
 .data          0x0100e05c     0x10b8 ../serial_port_bsp//libhal_bsp.a(alt_sys_init.o)
 .data          0x0100f114        0x0 ../serial_port_bsp//libhal_bsp.a(altera_avalon_jtag_uart_fd.o)
 .data          0x0100f114        0x0 ../serial_port_bsp//libhal_bsp.a(altera_avalon_jtag_uart_init.o)
 .data          0x0100f114        0x0 ../serial_port_bsp//libhal_bsp.a(altera_avalon_jtag_uart_ioctl.o)
 .data          0x0100f114        0x0 ../serial_port_bsp//libhal_bsp.a(altera_avalon_jtag_uart_read.o)
 .data          0x0100f114        0x0 ../serial_port_bsp//libhal_bsp.a(altera_avalon_jtag_uart_write.o)
 .data          0x0100f114        0x0 ../serial_port_bsp//libhal_bsp.a(altera_avalon_timer_sc.o)
 .data          0x0100f114        0x0 ../serial_port_bsp//libhal_bsp.a(altera_up_avalon_character_lcd.o)
 .data          0x0100f114        0x0 ../serial_port_bsp//libhal_bsp.a(altera_up_avalon_rs232.o)
 .data          0x0100f114        0x0 ../serial_port_bsp//libhal_bsp.a(alt_alarm_start.o)
 .data          0x0100f114        0x0 ../serial_port_bsp//libhal_bsp.a(alt_dcache_flush_all.o)
 .data          0x0100f114        0x0 ../serial_port_bsp//libhal_bsp.a(alt_dev_llist_insert.o)
 .data          0x0100f114        0x0 ../serial_port_bsp//libhal_bsp.a(alt_do_ctors.o)
 .data          0x0100f114        0x0 ../serial_port_bsp//libhal_bsp.a(alt_do_dtors.o)
 .data          0x0100f114        0x0 ../serial_port_bsp//libhal_bsp.a(alt_find_dev.o)
 .data          0x0100f114        0x0 ../serial_port_bsp//libhal_bsp.a(alt_icache_flush_all.o)
 .data          0x0100f114        0x0 ../serial_port_bsp//libhal_bsp.a(alt_io_redirect.o)
 .data          0x0100f114        0x0 ../serial_port_bsp//libhal_bsp.a(alt_irq_register.o)
 .data          0x0100f114        0x0 ../serial_port_bsp//libhal_bsp.a(alt_irq_vars.o)
 .data          0x0100f114        0x0 ../serial_port_bsp//libhal_bsp.a(alt_open.o)
 .data          0x0100f114        0x0 ../serial_port_bsp//libhal_bsp.a(alt_tick.o)
 .data          0x0100f114        0x0 ../serial_port_bsp//libhal_bsp.a(altera_nios2_qsys_irq.o)
 .data          0x0100f114        0x0 ../serial_port_bsp//libhal_bsp.a(alt_find_file.o)
 .data          0x0100f114        0x0 ../serial_port_bsp//libhal_bsp.a(alt_get_fd.o)
 .data          0x0100f114        0x0 ../serial_port_bsp//libhal_bsp.a(alt_irq_entry.o)
 .data          0x0100f114        0x0 ../serial_port_bsp//libhal_bsp.a(alt_irq_handler.o)
 .data          0x0100f114        0x0 ../serial_port_bsp//libhal_bsp.a(alt_exception_entry.o)
 .data          0x0100f114        0x0 /home/champ/altera/nios2eds/bin/gnu/H-i686-pc-linux-gnu/bin/../lib/gcc/nios2-elf/4.1.2/../../../../nios2-elf/lib/mno-hw-mul/libc.a(lib_a-atexit.o)
 .data          0x0100f114        0x0 /home/champ/altera/nios2eds/bin/gnu/H-i686-pc-linux-gnu/bin/../lib/gcc/nios2-elf/4.1.2/../../../../nios2-elf/lib/mno-hw-mul/libc.a(lib_a-exit.o)
 .data          0x0100f114        0x0 /home/champ/altera/nios2eds/bin/gnu/H-i686-pc-linux-gnu/bin/../lib/gcc/nios2-elf/4.1.2/../../../../nios2-elf/lib/mno-hw-mul/libc.a(lib_a-memcmp.o)
 .data          0x0100f114        0x0 /home/champ/altera/nios2eds/bin/gnu/H-i686-pc-linux-gnu/bin/../lib/gcc/nios2-elf/4.1.2/../../../../nios2-elf/lib/mno-hw-mul/libc.a(lib_a-__atexit.o)
 .data          0x0100f114        0x0 /home/champ/altera/nios2eds/bin/gnu/H-i686-pc-linux-gnu/bin/../lib/gcc/nios2-elf/4.1.2/../../../../nios2-elf/lib/mno-hw-mul/libc.a(lib_a-__call_atexit.o)
 .data          0x0100f114        0x0 ../serial_port_bsp//libhal_bsp.a(alt_exit.o)
                0x01017114                _gp = ABSOLUTE ((. + 0x8000))
                0x01017114                PROVIDE (gp, _gp)
 *(.rwdata .rwdata.*)
 *(.sdata .sdata.* .gnu.linkonce.s.*)
 .sdata         0x0100f114        0x8 /home/champ/altera/nios2eds/bin/gnu/H-i686-pc-linux-gnu/bin/../lib/gcc/nios2-elf/4.1.2/../../../../nios2-elf/lib/mno-hw-mul/libc.a(lib_a-impure.o)
                0x0100f114                _impure_ptr
                0x0100f118                _global_impure_ptr
 .sdata         0x0100f11c        0x8 /home/champ/altera/nios2eds/bin/gnu/H-i686-pc-linux-gnu/bin/../lib/gcc/nios2-elf/4.1.2/../../../../nios2-elf/lib/mno-hw-mul/libc.a(lib_a-locale.o)
                0x0100f11c                __mb_cur_max
 .sdata         0x0100f124        0x8 /home/champ/altera/nios2eds/bin/gnu/H-i686-pc-linux-gnu/bin/../lib/gcc/nios2-elf/4.1.2/../../../../nios2-elf/lib/mno-hw-mul/libc.a(lib_a-mallocr.o)
                0x0100f124                __malloc_trim_threshold
                0x0100f128                __malloc_sbrk_base
 .sdata         0x0100f12c       0x14 ../serial_port_bsp//libhal_bsp.a(alt_dev.o)
                0x0100f12c                alt_fs_list
                0x0100f134                alt_dev_list
                0x0100f13c                alt_max_fd
 .sdata         0x0100f140        0x4 ../serial_port_bsp//libhal_bsp.a(alt_errno.o)
                0x0100f140                alt_errno
 .sdata         0x0100f144        0x4 ../serial_port_bsp//libhal_bsp.a(alt_sbrk.o)
 .sdata         0x0100f148        0x4 ../serial_port_bsp//libhal_bsp.a(alt_irq_vars.o)
                0x0100f148                alt_priority_mask
 .sdata         0x0100f14c        0x8 ../serial_port_bsp//libhal_bsp.a(alt_tick.o)
                0x0100f14c                alt_alarm_list
 *(.sdata2 .sdata2.* .gnu.linkonce.s2.*)
                0x0100f154                . = ALIGN (0x4)
                0x0100f154                _edata = ABSOLUTE (.)
                0x0100f154                PROVIDE (edata, ABSOLUTE (.))
                0x0100f154                PROVIDE (__ram_rwdata_end, ABSOLUTE (.))
                0x0100f154                PROVIDE (__flash_rwdata_start, LOADADDR (.rwdata))

.bss            0x01010c08      0x2ec
                0x01010c08                __bss_start = ABSOLUTE (.)
                0x01010c08                PROVIDE (__sbss_start, ABSOLUTE (.))
                0x01010c08                PROVIDE (___sbss_start, ABSOLUTE (.))
 *(.dynsbss)
 *(.sbss .sbss.* .gnu.linkonce.sb.*)
 .sbss          0x01010c08        0xc /home/champ/altera/nios2eds/bin/gnu/H-i686-pc-linux-gnu/bin/../lib/gcc/nios2-elf/4.1.2/../../../../nios2-elf/lib/mno-hw-mul/libc.a(lib_a-locale.o)
                0x01010c08                __nlocale_changed
                0x01010c0c                __mlocale_changed
                0x01010c10                _PathLocale
 .sbss          0x01010c14        0xc /home/champ/altera/nios2eds/bin/gnu/H-i686-pc-linux-gnu/bin/../lib/gcc/nios2-elf/4.1.2/../../../../nios2-elf/lib/mno-hw-mul/libc.a(lib_a-mallocr.o)
                0x01010c14                __malloc_top_pad
                0x01010c18                __malloc_max_sbrked_mem
                0x01010c1c                __malloc_max_total_mem
 .sbss          0x01010c20        0x4 /home/champ/altera/nios2eds/bin/gnu/H-i686-pc-linux-gnu/bin/../lib/gcc/nios2-elf/4.1.2/../../../../nios2-elf/lib/mno-hw-mul/libc.a(lib_a-int_errno.o)
                0x01010c20                errno
 .sbss          0x01010c24        0xc ../serial_port_bsp//libhal_bsp.a(alt_main.o)
                0x01010c24                alt_argc
                0x01010c28                alt_argv
                0x01010c2c                alt_envp
 .sbss          0x01010c30        0x4 ../serial_port_bsp//libhal_bsp.a(alt_irq_vars.o)
                0x01010c30                alt_irq_active
 .sbss          0x01010c34        0x8 ../serial_port_bsp//libhal_bsp.a(alt_tick.o)
                0x01010c34                _alt_tick_rate
                0x01010c38                _alt_nticks
 *(.sbss2 .sbss2.* .gnu.linkonce.sb2.*)
 *(.scommon)
                0x01010c3c                PROVIDE (__sbss_end, ABSOLUTE (.))
                0x01010c3c                PROVIDE (___sbss_end, ABSOLUTE (.))
 *(.dynbss)
 *(.bss .bss.* .gnu.linkonce.b.*)
 .bss           0x01010c3c        0x0 ../serial_port_bsp//obj/HAL/src/crt0.o
 .bss           0x01010c3c        0x0 obj/default/serial_port.o
 .bss           0x01010c3c        0x0 /home/champ/altera/nios2eds/bin/gnu/H-i686-pc-linux-gnu/bin/../lib/gcc/nios2-elf/4.1.2/../../../../nios2-elf/lib/mno-hw-mul/libc.a(lib_a-printf.o)
 .bss           0x01010c3c        0x0 /home/champ/altera/nios2eds/bin/gnu/H-i686-pc-linux-gnu/bin/../lib/gcc/nios2-elf/4.1.2/../../../../nios2-elf/lib/mno-hw-mul/libc.a(lib_a-puts.o)
 .bss           0x01010c3c        0x0 /home/champ/altera/nios2eds/bin/gnu/H-i686-pc-linux-gnu/bin/../lib/gcc/nios2-elf/4.1.2/../../../../nios2-elf/lib/mno-hw-mul/libc.a(lib_a-strlen.o)
 .bss           0x01010c3c        0x0 /home/champ/altera/nios2eds/bin/gnu/H-i686-pc-linux-gnu/bin/../lib/gcc/nios2-elf/4.1.2/../../../../nios2-elf/lib/mno-hw-mul/libc.a(lib_a-vfprintf.o)
 .bss           0x01010c3c        0x0 /home/champ/altera/nios2eds/bin/gnu/H-i686-pc-linux-gnu/bin/../lib/gcc/nios2-elf/4.1.2/../../../../nios2-elf/lib/mno-hw-mul/libc.a(lib_a-wsetup.o)
 .bss           0x01010c3c        0x0 /home/champ/altera/nios2eds/bin/gnu/H-i686-pc-linux-gnu/bin/../lib/gcc/nios2-elf/4.1.2/../../../../nios2-elf/lib/mno-hw-mul/libc.a(lib_a-dtoa.o)
 .bss           0x01010c3c        0x0 /home/champ/altera/nios2eds/bin/gnu/H-i686-pc-linux-gnu/bin/../lib/gcc/nios2-elf/4.1.2/../../../../nios2-elf/lib/mno-hw-mul/libc.a(lib_a-fflush.o)
 .bss           0x01010c3c        0x0 /home/champ/altera/nios2eds/bin/gnu/H-i686-pc-linux-gnu/bin/../lib/gcc/nios2-elf/4.1.2/../../../../nios2-elf/lib/mno-hw-mul/libc.a(lib_a-findfp.o)
 .bss           0x01010c3c        0x0 /home/champ/altera/nios2eds/bin/gnu/H-i686-pc-linux-gnu/bin/../lib/gcc/nios2-elf/4.1.2/../../../../nios2-elf/lib/mno-hw-mul/libc.a(lib_a-freer.o)
 .bss           0x01010c3c        0x0 /home/champ/altera/nios2eds/bin/gnu/H-i686-pc-linux-gnu/bin/../lib/gcc/nios2-elf/4.1.2/../../../../nios2-elf/lib/mno-hw-mul/libc.a(lib_a-fvwrite.o)
 .bss           0x01010c3c        0x0 /home/champ/altera/nios2eds/bin/gnu/H-i686-pc-linux-gnu/bin/../lib/gcc/nios2-elf/4.1.2/../../../../nios2-elf/lib/mno-hw-mul/libc.a(lib_a-fwalk.o)
 .bss           0x01010c3c        0x0 /home/champ/altera/nios2eds/bin/gnu/H-i686-pc-linux-gnu/bin/../lib/gcc/nios2-elf/4.1.2/../../../../nios2-elf/lib/mno-hw-mul/libc.a(lib_a-impure.o)
 .bss           0x01010c3c        0x0 /home/champ/altera/nios2eds/bin/gnu/H-i686-pc-linux-gnu/bin/../lib/gcc/nios2-elf/4.1.2/../../../../nios2-elf/lib/mno-hw-mul/libc.a(lib_a-locale.o)
 .bss           0x01010c3c        0x0 /home/champ/altera/nios2eds/bin/gnu/H-i686-pc-linux-gnu/bin/../lib/gcc/nios2-elf/4.1.2/../../../../nios2-elf/lib/mno-hw-mul/libc.a(lib_a-makebuf.o)
 .bss           0x01010c3c       0x28 /home/champ/altera/nios2eds/bin/gnu/H-i686-pc-linux-gnu/bin/../lib/gcc/nios2-elf/4.1.2/../../../../nios2-elf/lib/mno-hw-mul/libc.a(lib_a-mallocr.o)
                0x01010c3c                __malloc_current_mallinfo
 .bss           0x01010c64        0x0 /home/champ/altera/nios2eds/bin/gnu/H-i686-pc-linux-gnu/bin/../lib/gcc/nios2-elf/4.1.2/../../../../nios2-elf/lib/mno-hw-mul/libc.a(lib_a-memchr.o)
 .bss           0x01010c64        0x0 /home/champ/altera/nios2eds/bin/gnu/H-i686-pc-linux-gnu/bin/../lib/gcc/nios2-elf/4.1.2/../../../../nios2-elf/lib/mno-hw-mul/libc.a(lib_a-memcpy.o)
 .bss           0x01010c64        0x0 /home/champ/altera/nios2eds/bin/gnu/H-i686-pc-linux-gnu/bin/../lib/gcc/nios2-elf/4.1.2/../../../../nios2-elf/lib/mno-hw-mul/libc.a(lib_a-memmove.o)
 .bss           0x01010c64        0x0 /home/champ/altera/nios2eds/bin/gnu/H-i686-pc-linux-gnu/bin/../lib/gcc/nios2-elf/4.1.2/../../../../nios2-elf/lib/mno-hw-mul/libc.a(lib_a-memset.o)
 .bss           0x01010c64        0x0 /home/champ/altera/nios2eds/bin/gnu/H-i686-pc-linux-gnu/bin/../lib/gcc/nios2-elf/4.1.2/../../../../nios2-elf/lib/mno-hw-mul/libc.a(lib_a-mprec.o)
 .bss           0x01010c64        0x0 /home/champ/altera/nios2eds/bin/gnu/H-i686-pc-linux-gnu/bin/../lib/gcc/nios2-elf/4.1.2/../../../../nios2-elf/lib/mno-hw-mul/libc.a(lib_a-reallocr.o)
 .bss           0x01010c64        0x0 /home/champ/altera/nios2eds/bin/gnu/H-i686-pc-linux-gnu/bin/../lib/gcc/nios2-elf/4.1.2/../../../../nios2-elf/lib/mno-hw-mul/libc.a(lib_a-s_isinfd.o)
 .bss           0x01010c64        0x0 /home/champ/altera/nios2eds/bin/gnu/H-i686-pc-linux-gnu/bin/../lib/gcc/nios2-elf/4.1.2/../../../../nios2-elf/lib/mno-hw-mul/libc.a(lib_a-s_isnand.o)
 .bss           0x01010c64        0x0 /home/champ/altera/nios2eds/bin/gnu/H-i686-pc-linux-gnu/bin/../lib/gcc/nios2-elf/4.1.2/../../../../nios2-elf/lib/mno-hw-mul/libc.a(lib_a-sbrkr.o)
 .bss           0x01010c64        0x0 /home/champ/altera/nios2eds/bin/gnu/H-i686-pc-linux-gnu/bin/../lib/gcc/nios2-elf/4.1.2/../../../../nios2-elf/lib/mno-hw-mul/libc.a(lib_a-stdio.o)
 .bss           0x01010c64        0x0 /home/champ/altera/nios2eds/bin/gnu/H-i686-pc-linux-gnu/bin/../lib/gcc/nios2-elf/4.1.2/../../../../nios2-elf/lib/mno-hw-mul/libc.a(lib_a-strcmp.o)
 .bss           0x01010c64        0x0 /home/champ/altera/nios2eds/bin/gnu/H-i686-pc-linux-gnu/bin/../lib/gcc/nios2-elf/4.1.2/../../../../nios2-elf/lib/mno-hw-mul/libc.a(lib_a-writer.o)
 .bss           0x01010c64        0x0 /home/champ/altera/nios2eds/bin/gnu/H-i686-pc-linux-gnu/bin/../lib/gcc/nios2-elf/4.1.2/../../../../nios2-elf/lib/mno-hw-mul/libc.a(lib_a-callocr.o)
 .bss           0x01010c64        0x0 /home/champ/altera/nios2eds/bin/gnu/H-i686-pc-linux-gnu/bin/../lib/gcc/nios2-elf/4.1.2/../../../../nios2-elf/lib/mno-hw-mul/libc.a(lib_a-closer.o)
 .bss           0x01010c64        0x0 /home/champ/altera/nios2eds/bin/gnu/H-i686-pc-linux-gnu/bin/../lib/gcc/nios2-elf/4.1.2/../../../../nios2-elf/lib/mno-hw-mul/libc.a(lib_a-fclose.o)
 .bss           0x01010c64        0x0 /home/champ/altera/nios2eds/bin/gnu/H-i686-pc-linux-gnu/bin/../lib/gcc/nios2-elf/4.1.2/../../../../nios2-elf/lib/mno-hw-mul/libc.a(lib_a-fstatr.o)
 .bss           0x01010c64        0x0 /home/champ/altera/nios2eds/bin/gnu/H-i686-pc-linux-gnu/bin/../lib/gcc/nios2-elf/4.1.2/../../../../nios2-elf/lib/mno-hw-mul/libc.a(lib_a-int_errno.o)
 .bss           0x01010c64        0x0 /home/champ/altera/nios2eds/bin/gnu/H-i686-pc-linux-gnu/bin/../lib/gcc/nios2-elf/4.1.2/../../../../nios2-elf/lib/mno-hw-mul/libc.a(lib_a-isattyr.o)
 .bss           0x01010c64        0x0 /home/champ/altera/nios2eds/bin/gnu/H-i686-pc-linux-gnu/bin/../lib/gcc/nios2-elf/4.1.2/../../../../nios2-elf/lib/mno-hw-mul/libc.a(lib_a-lseekr.o)
 .bss           0x01010c64        0x0 /home/champ/altera/nios2eds/bin/gnu/H-i686-pc-linux-gnu/bin/../lib/gcc/nios2-elf/4.1.2/../../../../nios2-elf/lib/mno-hw-mul/libc.a(lib_a-readr.o)
 .bss           0x01010c64        0x0 /home/champ/altera/nios2eds/bin/gnu/H-i686-pc-linux-gnu/bin/../lib/gcc/nios2-elf/4.1.2/mno-hw-mul/libgcc.a(_udivdi3.o)
 .bss           0x01010c64        0x0 /home/champ/altera/nios2eds/bin/gnu/H-i686-pc-linux-gnu/bin/../lib/gcc/nios2-elf/4.1.2/mno-hw-mul/libgcc.a(_umoddi3.o)
 .bss           0x01010c64        0x0 /home/champ/altera/nios2eds/bin/gnu/H-i686-pc-linux-gnu/bin/../lib/gcc/nios2-elf/4.1.2/mno-hw-mul/libgcc.a(_addsub_df.o)
 .bss           0x01010c64        0x0 /home/champ/altera/nios2eds/bin/gnu/H-i686-pc-linux-gnu/bin/../lib/gcc/nios2-elf/4.1.2/mno-hw-mul/libgcc.a(_mul_df.o)
 .bss           0x01010c64        0x0 /home/champ/altera/nios2eds/bin/gnu/H-i686-pc-linux-gnu/bin/../lib/gcc/nios2-elf/4.1.2/mno-hw-mul/libgcc.a(_div_df.o)
 .bss           0x01010c64        0x0 /home/champ/altera/nios2eds/bin/gnu/H-i686-pc-linux-gnu/bin/../lib/gcc/nios2-elf/4.1.2/mno-hw-mul/libgcc.a(_eq_df.o)
 .bss           0x01010c64        0x0 /home/champ/altera/nios2eds/bin/gnu/H-i686-pc-linux-gnu/bin/../lib/gcc/nios2-elf/4.1.2/mno-hw-mul/libgcc.a(_ne_df.o)
 .bss           0x01010c64        0x0 /home/champ/altera/nios2eds/bin/gnu/H-i686-pc-linux-gnu/bin/../lib/gcc/nios2-elf/4.1.2/mno-hw-mul/libgcc.a(_gt_df.o)
 .bss           0x01010c64        0x0 /home/champ/altera/nios2eds/bin/gnu/H-i686-pc-linux-gnu/bin/../lib/gcc/nios2-elf/4.1.2/mno-hw-mul/libgcc.a(_ge_df.o)
 .bss           0x01010c64        0x0 /home/champ/altera/nios2eds/bin/gnu/H-i686-pc-linux-gnu/bin/../lib/gcc/nios2-elf/4.1.2/mno-hw-mul/libgcc.a(_lt_df.o)
 .bss           0x01010c64        0x0 /home/champ/altera/nios2eds/bin/gnu/H-i686-pc-linux-gnu/bin/../lib/gcc/nios2-elf/4.1.2/mno-hw-mul/libgcc.a(_si_to_df.o)
 .bss           0x01010c64        0x0 /home/champ/altera/nios2eds/bin/gnu/H-i686-pc-linux-gnu/bin/../lib/gcc/nios2-elf/4.1.2/mno-hw-mul/libgcc.a(_df_to_si.o)
 .bss           0x01010c64        0x0 /home/champ/altera/nios2eds/bin/gnu/H-i686-pc-linux-gnu/bin/../lib/gcc/nios2-elf/4.1.2/mno-hw-mul/libgcc.a(_thenan_df.o)
 .bss           0x01010c64        0x0 /home/champ/altera/nios2eds/bin/gnu/H-i686-pc-linux-gnu/bin/../lib/gcc/nios2-elf/4.1.2/mno-hw-mul/libgcc.a(_usi_to_df.o)
 .bss           0x01010c64        0x0 /home/champ/altera/nios2eds/bin/gnu/H-i686-pc-linux-gnu/bin/../lib/gcc/nios2-elf/4.1.2/mno-hw-mul/libgcc.a(lib2-divmod.o)
 .bss           0x01010c64        0x0 /home/champ/altera/nios2eds/bin/gnu/H-i686-pc-linux-gnu/bin/../lib/gcc/nios2-elf/4.1.2/mno-hw-mul/libgcc.a(lib2-mul.o)
 .bss           0x01010c64        0x0 /home/champ/altera/nios2eds/bin/gnu/H-i686-pc-linux-gnu/bin/../lib/gcc/nios2-elf/4.1.2/mno-hw-mul/libgcc.a(_muldi3.o)
 .bss           0x01010c64        0x0 /home/champ/altera/nios2eds/bin/gnu/H-i686-pc-linux-gnu/bin/../lib/gcc/nios2-elf/4.1.2/mno-hw-mul/libgcc.a(_clz.o)
 .bss           0x01010c64        0x0 /home/champ/altera/nios2eds/bin/gnu/H-i686-pc-linux-gnu/bin/../lib/gcc/nios2-elf/4.1.2/mno-hw-mul/libgcc.a(_clzsi2.o)
 .bss           0x01010c64        0x0 /home/champ/altera/nios2eds/bin/gnu/H-i686-pc-linux-gnu/bin/../lib/gcc/nios2-elf/4.1.2/mno-hw-mul/libgcc.a(_pack_df.o)
 .bss           0x01010c64        0x0 /home/champ/altera/nios2eds/bin/gnu/H-i686-pc-linux-gnu/bin/../lib/gcc/nios2-elf/4.1.2/mno-hw-mul/libgcc.a(_unpack_df.o)
 .bss           0x01010c64        0x0 /home/champ/altera/nios2eds/bin/gnu/H-i686-pc-linux-gnu/bin/../lib/gcc/nios2-elf/4.1.2/mno-hw-mul/libgcc.a(_fpcmp_parts_df.o)
 .bss           0x01010c64        0x0 ../serial_port_bsp//libhal_bsp.a(alt_close.o)
 .bss           0x01010c64        0x0 ../serial_port_bsp//libhal_bsp.a(alt_dev.o)
 .bss           0x01010c64        0x0 ../serial_port_bsp//libhal_bsp.a(alt_errno.o)
 .bss           0x01010c64        0x0 ../serial_port_bsp//libhal_bsp.a(alt_fstat.o)
 .bss           0x01010c64        0x0 ../serial_port_bsp//libhal_bsp.a(alt_isatty.o)
 .bss           0x01010c64        0x0 ../serial_port_bsp//libhal_bsp.a(alt_load.o)
 .bss           0x01010c64        0x0 ../serial_port_bsp//libhal_bsp.a(alt_lseek.o)
 .bss           0x01010c64        0x0 ../serial_port_bsp//libhal_bsp.a(alt_main.o)
 .bss           0x01010c64        0x0 ../serial_port_bsp//libhal_bsp.a(alt_malloc_lock.o)
 .bss           0x01010c64        0x0 ../serial_port_bsp//libhal_bsp.a(alt_read.o)
 .bss           0x01010c64        0x0 ../serial_port_bsp//libhal_bsp.a(alt_release_fd.o)
 .bss           0x01010c64        0x0 ../serial_port_bsp//libhal_bsp.a(alt_sbrk.o)
 .bss           0x01010c64        0x0 ../serial_port_bsp//libhal_bsp.a(alt_write.o)
 .bss           0x01010c64        0x0 ../serial_port_bsp//libhal_bsp.a(alt_sys_init.o)
 .bss           0x01010c64        0x0 ../serial_port_bsp//libhal_bsp.a(altera_avalon_jtag_uart_fd.o)
 .bss           0x01010c64        0x0 ../serial_port_bsp//libhal_bsp.a(altera_avalon_jtag_uart_init.o)
 .bss           0x01010c64        0x0 ../serial_port_bsp//libhal_bsp.a(altera_avalon_jtag_uart_ioctl.o)
 .bss           0x01010c64        0x0 ../serial_port_bsp//libhal_bsp.a(altera_avalon_jtag_uart_read.o)
 .bss           0x01010c64        0x0 ../serial_port_bsp//libhal_bsp.a(altera_avalon_jtag_uart_write.o)
 .bss           0x01010c64        0x0 ../serial_port_bsp//libhal_bsp.a(altera_avalon_timer_sc.o)
 .bss           0x01010c64        0x0 ../serial_port_bsp//libhal_bsp.a(altera_up_avalon_character_lcd.o)
 .bss           0x01010c64        0x0 ../serial_port_bsp//libhal_bsp.a(altera_up_avalon_rs232.o)
 .bss           0x01010c64        0x0 ../serial_port_bsp//libhal_bsp.a(alt_alarm_start.o)
 .bss           0x01010c64        0x0 ../serial_port_bsp//libhal_bsp.a(alt_dcache_flush_all.o)
 .bss           0x01010c64        0x0 ../serial_port_bsp//libhal_bsp.a(alt_dev_llist_insert.o)
 .bss           0x01010c64        0x0 ../serial_port_bsp//libhal_bsp.a(alt_do_ctors.o)
 .bss           0x01010c64        0x0 ../serial_port_bsp//libhal_bsp.a(alt_do_dtors.o)
 .bss           0x01010c64        0x0 ../serial_port_bsp//libhal_bsp.a(alt_find_dev.o)
 .bss           0x01010c64        0x0 ../serial_port_bsp//libhal_bsp.a(alt_icache_flush_all.o)
 .bss           0x01010c64        0x0 ../serial_port_bsp//libhal_bsp.a(alt_io_redirect.o)
 .bss           0x01010c64        0x0 ../serial_port_bsp//libhal_bsp.a(alt_irq_register.o)
 .bss           0x01010c64        0x0 ../serial_port_bsp//libhal_bsp.a(alt_irq_vars.o)
 .bss           0x01010c64        0x0 ../serial_port_bsp//libhal_bsp.a(alt_open.o)
 .bss           0x01010c64        0x0 ../serial_port_bsp//libhal_bsp.a(alt_tick.o)
 .bss           0x01010c64        0x0 ../serial_port_bsp//libhal_bsp.a(altera_nios2_qsys_irq.o)
 .bss           0x01010c64        0x0 ../serial_port_bsp//libhal_bsp.a(alt_find_file.o)
 .bss           0x01010c64        0x0 ../serial_port_bsp//libhal_bsp.a(alt_get_fd.o)
 .bss           0x01010c64        0x0 ../serial_port_bsp//libhal_bsp.a(alt_irq_entry.o)
 .bss           0x01010c64        0x0 ../serial_port_bsp//libhal_bsp.a(alt_irq_handler.o)
 .bss           0x01010c64        0x0 ../serial_port_bsp//libhal_bsp.a(alt_exception_entry.o)
 .bss           0x01010c64        0x0 /home/champ/altera/nios2eds/bin/gnu/H-i686-pc-linux-gnu/bin/../lib/gcc/nios2-elf/4.1.2/../../../../nios2-elf/lib/mno-hw-mul/libc.a(lib_a-atexit.o)
 .bss           0x01010c64        0x0 /home/champ/altera/nios2eds/bin/gnu/H-i686-pc-linux-gnu/bin/../lib/gcc/nios2-elf/4.1.2/../../../../nios2-elf/lib/mno-hw-mul/libc.a(lib_a-exit.o)
 .bss           0x01010c64        0x0 /home/champ/altera/nios2eds/bin/gnu/H-i686-pc-linux-gnu/bin/../lib/gcc/nios2-elf/4.1.2/../../../../nios2-elf/lib/mno-hw-mul/libc.a(lib_a-memcmp.o)
 .bss           0x01010c64        0x0 /home/champ/altera/nios2eds/bin/gnu/H-i686-pc-linux-gnu/bin/../lib/gcc/nios2-elf/4.1.2/../../../../nios2-elf/lib/mno-hw-mul/libc.a(lib_a-__atexit.o)
 .bss           0x01010c64        0x0 /home/champ/altera/nios2eds/bin/gnu/H-i686-pc-linux-gnu/bin/../lib/gcc/nios2-elf/4.1.2/../../../../nios2-elf/lib/mno-hw-mul/libc.a(lib_a-__call_atexit.o)
 .bss           0x01010c64        0x0 ../serial_port_bsp//libhal_bsp.a(alt_exit.o)
 *(COMMON)
 COMMON         0x01010c64      0x100 ../serial_port_bsp//libhal_bsp.a(alt_irq_handler.o)
                0x01010c64                alt_irq
 COMMON         0x01010d64      0x190 /home/champ/altera/nios2eds/bin/gnu/H-i686-pc-linux-gnu/bin/../lib/gcc/nios2-elf/4.1.2/../../../../nios2-elf/lib/mno-hw-mul/libc.a(lib_a-atexit.o)
                0x01010d64                _atexit0
                0x01010ef4                . = ALIGN (0x4)
                0x01010ef4                __bss_end = ABSOLUTE (.)

.onchip_memory2_0
                0x00000000        0x0 load address 0x01010ef4
                0x00000000                PROVIDE (_alt_partition_onchip_memory2_0_start, ABSOLUTE (.))
 *(.onchip_memory2_0. onchip_memory2_0.*)
                0x00000000                . = ALIGN (0x4)
                0x00000000                PROVIDE (_alt_partition_onchip_memory2_0_end, ABSOLUTE (.))
                0x01010ef4                PROVIDE (_alt_partition_onchip_memory2_0_load_addr, LOADADDR (.onchip_memory2_0))

.new_sdram_controller_0
                0x01010ef4        0x0
                0x01010ef4                PROVIDE (_alt_partition_new_sdram_controller_0_start, ABSOLUTE (.))
 *(.new_sdram_controller_0. new_sdram_controller_0.*)
                0x01010ef4                . = ALIGN (0x4)
                0x01010ef4                PROVIDE (_alt_partition_new_sdram_controller_0_end, ABSOLUTE (.))
                0x01010ef4                _end = ABSOLUTE (.)
                0x01010ef4                end = ABSOLUTE (.)
                0x01010ef4                __alt_stack_base = ABSOLUTE (.)
                0x01010ef4                PROVIDE (_alt_partition_new_sdram_controller_0_load_addr, LOADADDR (.new_sdram_controller_0))

.stab
 *(.stab)

.stabstr
 *(.stabstr)

.stab.excl
 *(.stab.excl)

.stab.exclstr
 *(.stab.exclstr)

.stab.index
 *(.stab.index)

.stab.indexstr
 *(.stab.indexstr)

.comment        0x00000000       0x26
 *(.comment)
 .comment       0x00000000       0x26 obj/default/serial_port.o
                                 0x27 (size before relaxing)
 .comment       0x00000000       0x27 /home/champ/altera/nios2eds/bin/gnu/H-i686-pc-linux-gnu/bin/../lib/gcc/nios2-elf/4.1.2/../../../../nios2-elf/lib/mno-hw-mul/libc.a(lib_a-printf.o)
 .comment       0x00000000       0x27 /home/champ/altera/nios2eds/bin/gnu/H-i686-pc-linux-gnu/bin/../lib/gcc/nios2-elf/4.1.2/../../../../nios2-elf/lib/mno-hw-mul/libc.a(lib_a-puts.o)
 .comment       0x00000000       0x27 /home/champ/altera/nios2eds/bin/gnu/H-i686-pc-linux-gnu/bin/../lib/gcc/nios2-elf/4.1.2/../../../../nios2-elf/lib/mno-hw-mul/libc.a(lib_a-strlen.o)
 .comment       0x00000000       0x27 /home/champ/altera/nios2eds/bin/gnu/H-i686-pc-linux-gnu/bin/../lib/gcc/nios2-elf/4.1.2/../../../../nios2-elf/lib/mno-hw-mul/libc.a(lib_a-vfprintf.o)
 .comment       0x00000000       0x27 /home/champ/altera/nios2eds/bin/gnu/H-i686-pc-linux-gnu/bin/../lib/gcc/nios2-elf/4.1.2/../../../../nios2-elf/lib/mno-hw-mul/libc.a(lib_a-wsetup.o)
 .comment       0x00000000       0x27 /home/champ/altera/nios2eds/bin/gnu/H-i686-pc-linux-gnu/bin/../lib/gcc/nios2-elf/4.1.2/../../../../nios2-elf/lib/mno-hw-mul/libc.a(lib_a-dtoa.o)
 .comment       0x00000000       0x27 /home/champ/altera/nios2eds/bin/gnu/H-i686-pc-linux-gnu/bin/../lib/gcc/nios2-elf/4.1.2/../../../../nios2-elf/lib/mno-hw-mul/libc.a(lib_a-fflush.o)
 .comment       0x00000000       0x27 /home/champ/altera/nios2eds/bin/gnu/H-i686-pc-linux-gnu/bin/../lib/gcc/nios2-elf/4.1.2/../../../../nios2-elf/lib/mno-hw-mul/libc.a(lib_a-findfp.o)
 .comment       0x00000000       0x27 /home/champ/altera/nios2eds/bin/gnu/H-i686-pc-linux-gnu/bin/../lib/gcc/nios2-elf/4.1.2/../../../../nios2-elf/lib/mno-hw-mul/libc.a(lib_a-freer.o)
 .comment       0x00000000       0x27 /home/champ/altera/nios2eds/bin/gnu/H-i686-pc-linux-gnu/bin/../lib/gcc/nios2-elf/4.1.2/../../../../nios2-elf/lib/mno-hw-mul/libc.a(lib_a-fvwrite.o)
 .comment       0x00000000       0x27 /home/champ/altera/nios2eds/bin/gnu/H-i686-pc-linux-gnu/bin/../lib/gcc/nios2-elf/4.1.2/../../../../nios2-elf/lib/mno-hw-mul/libc.a(lib_a-fwalk.o)
 .comment       0x00000000       0x27 /home/champ/altera/nios2eds/bin/gnu/H-i686-pc-linux-gnu/bin/../lib/gcc/nios2-elf/4.1.2/../../../../nios2-elf/lib/mno-hw-mul/libc.a(lib_a-impure.o)
 .comment       0x00000000       0x27 /home/champ/altera/nios2eds/bin/gnu/H-i686-pc-linux-gnu/bin/../lib/gcc/nios2-elf/4.1.2/../../../../nios2-elf/lib/mno-hw-mul/libc.a(lib_a-locale.o)
 .comment       0x00000000       0x27 /home/champ/altera/nios2eds/bin/gnu/H-i686-pc-linux-gnu/bin/../lib/gcc/nios2-elf/4.1.2/../../../../nios2-elf/lib/mno-hw-mul/libc.a(lib_a-makebuf.o)
 .comment       0x00000000       0x27 /home/champ/altera/nios2eds/bin/gnu/H-i686-pc-linux-gnu/bin/../lib/gcc/nios2-elf/4.1.2/../../../../nios2-elf/lib/mno-hw-mul/libc.a(lib_a-mallocr.o)
 .comment       0x00000000       0x27 /home/champ/altera/nios2eds/bin/gnu/H-i686-pc-linux-gnu/bin/../lib/gcc/nios2-elf/4.1.2/../../../../nios2-elf/lib/mno-hw-mul/libc.a(lib_a-memchr.o)
 .comment       0x00000000       0x27 /home/champ/altera/nios2eds/bin/gnu/H-i686-pc-linux-gnu/bin/../lib/gcc/nios2-elf/4.1.2/../../../../nios2-elf/lib/mno-hw-mul/libc.a(lib_a-memcpy.o)
 .comment       0x00000000       0x27 /home/champ/altera/nios2eds/bin/gnu/H-i686-pc-linux-gnu/bin/../lib/gcc/nios2-elf/4.1.2/../../../../nios2-elf/lib/mno-hw-mul/libc.a(lib_a-memmove.o)
 .comment       0x00000000       0x27 /home/champ/altera/nios2eds/bin/gnu/H-i686-pc-linux-gnu/bin/../lib/gcc/nios2-elf/4.1.2/../../../../nios2-elf/lib/mno-hw-mul/libc.a(lib_a-memset.o)
 .comment       0x00000000       0x27 /home/champ/altera/nios2eds/bin/gnu/H-i686-pc-linux-gnu/bin/../lib/gcc/nios2-elf/4.1.2/../../../../nios2-elf/lib/mno-hw-mul/libc.a(lib_a-mprec.o)
 .comment       0x00000000       0x27 /home/champ/altera/nios2eds/bin/gnu/H-i686-pc-linux-gnu/bin/../lib/gcc/nios2-elf/4.1.2/../../../../nios2-elf/lib/mno-hw-mul/libc.a(lib_a-reallocr.o)
 .comment       0x00000000       0x27 /home/champ/altera/nios2eds/bin/gnu/H-i686-pc-linux-gnu/bin/../lib/gcc/nios2-elf/4.1.2/../../../../nios2-elf/lib/mno-hw-mul/libc.a(lib_a-s_isinfd.o)
 .comment       0x00000000       0x27 /home/champ/altera/nios2eds/bin/gnu/H-i686-pc-linux-gnu/bin/../lib/gcc/nios2-elf/4.1.2/../../../../nios2-elf/lib/mno-hw-mul/libc.a(lib_a-s_isnand.o)
 .comment       0x00000000       0x27 /home/champ/altera/nios2eds/bin/gnu/H-i686-pc-linux-gnu/bin/../lib/gcc/nios2-elf/4.1.2/../../../../nios2-elf/lib/mno-hw-mul/libc.a(lib_a-sbrkr.o)
 .comment       0x00000000       0x27 /home/champ/altera/nios2eds/bin/gnu/H-i686-pc-linux-gnu/bin/../lib/gcc/nios2-elf/4.1.2/../../../../nios2-elf/lib/mno-hw-mul/libc.a(lib_a-stdio.o)
 .comment       0x00000000       0x27 /home/champ/altera/nios2eds/bin/gnu/H-i686-pc-linux-gnu/bin/../lib/gcc/nios2-elf/4.1.2/../../../../nios2-elf/lib/mno-hw-mul/libc.a(lib_a-strcmp.o)
 .comment       0x00000000       0x27 /home/champ/altera/nios2eds/bin/gnu/H-i686-pc-linux-gnu/bin/../lib/gcc/nios2-elf/4.1.2/../../../../nios2-elf/lib/mno-hw-mul/libc.a(lib_a-writer.o)
 .comment       0x00000000       0x27 /home/champ/altera/nios2eds/bin/gnu/H-i686-pc-linux-gnu/bin/../lib/gcc/nios2-elf/4.1.2/../../../../nios2-elf/lib/mno-hw-mul/libc.a(lib_a-callocr.o)
 .comment       0x00000000       0x27 /home/champ/altera/nios2eds/bin/gnu/H-i686-pc-linux-gnu/bin/../lib/gcc/nios2-elf/4.1.2/../../../../nios2-elf/lib/mno-hw-mul/libc.a(lib_a-closer.o)
 .comment       0x00000000       0x27 /home/champ/altera/nios2eds/bin/gnu/H-i686-pc-linux-gnu/bin/../lib/gcc/nios2-elf/4.1.2/../../../../nios2-elf/lib/mno-hw-mul/libc.a(lib_a-fclose.o)
 .comment       0x00000000       0x27 /home/champ/altera/nios2eds/bin/gnu/H-i686-pc-linux-gnu/bin/../lib/gcc/nios2-elf/4.1.2/../../../../nios2-elf/lib/mno-hw-mul/libc.a(lib_a-fstatr.o)
 .comment       0x00000000       0x27 /home/champ/altera/nios2eds/bin/gnu/H-i686-pc-linux-gnu/bin/../lib/gcc/nios2-elf/4.1.2/../../../../nios2-elf/lib/mno-hw-mul/libc.a(lib_a-int_errno.o)
 .comment       0x00000000       0x27 /home/champ/altera/nios2eds/bin/gnu/H-i686-pc-linux-gnu/bin/../lib/gcc/nios2-elf/4.1.2/../../../../nios2-elf/lib/mno-hw-mul/libc.a(lib_a-isattyr.o)
 .comment       0x00000000       0x27 /home/champ/altera/nios2eds/bin/gnu/H-i686-pc-linux-gnu/bin/../lib/gcc/nios2-elf/4.1.2/../../../../nios2-elf/lib/mno-hw-mul/libc.a(lib_a-lseekr.o)
 .comment       0x00000000       0x27 /home/champ/altera/nios2eds/bin/gnu/H-i686-pc-linux-gnu/bin/../lib/gcc/nios2-elf/4.1.2/../../../../nios2-elf/lib/mno-hw-mul/libc.a(lib_a-readr.o)
 .comment       0x00000000       0x27 /home/champ/altera/nios2eds/bin/gnu/H-i686-pc-linux-gnu/bin/../lib/gcc/nios2-elf/4.1.2/mno-hw-mul/libgcc.a(_udivdi3.o)
 .comment       0x00000000       0x27 /home/champ/altera/nios2eds/bin/gnu/H-i686-pc-linux-gnu/bin/../lib/gcc/nios2-elf/4.1.2/mno-hw-mul/libgcc.a(_umoddi3.o)
 .comment       0x00000000       0x27 /home/champ/altera/nios2eds/bin/gnu/H-i686-pc-linux-gnu/bin/../lib/gcc/nios2-elf/4.1.2/mno-hw-mul/libgcc.a(_addsub_df.o)
 .comment       0x00000000       0x27 /home/champ/altera/nios2eds/bin/gnu/H-i686-pc-linux-gnu/bin/../lib/gcc/nios2-elf/4.1.2/mno-hw-mul/libgcc.a(_mul_df.o)
 .comment       0x00000000       0x27 /home/champ/altera/nios2eds/bin/gnu/H-i686-pc-linux-gnu/bin/../lib/gcc/nios2-elf/4.1.2/mno-hw-mul/libgcc.a(_div_df.o)
 .comment       0x00000000       0x27 /home/champ/altera/nios2eds/bin/gnu/H-i686-pc-linux-gnu/bin/../lib/gcc/nios2-elf/4.1.2/mno-hw-mul/libgcc.a(_eq_df.o)
 .comment       0x00000000       0x27 /home/champ/altera/nios2eds/bin/gnu/H-i686-pc-linux-gnu/bin/../lib/gcc/nios2-elf/4.1.2/mno-hw-mul/libgcc.a(_ne_df.o)
 .comment       0x00000000       0x27 /home/champ/altera/nios2eds/bin/gnu/H-i686-pc-linux-gnu/bin/../lib/gcc/nios2-elf/4.1.2/mno-hw-mul/libgcc.a(_gt_df.o)
 .comment       0x00000000       0x27 /home/champ/altera/nios2eds/bin/gnu/H-i686-pc-linux-gnu/bin/../lib/gcc/nios2-elf/4.1.2/mno-hw-mul/libgcc.a(_ge_df.o)
 .comment       0x00000000       0x27 /home/champ/altera/nios2eds/bin/gnu/H-i686-pc-linux-gnu/bin/../lib/gcc/nios2-elf/4.1.2/mno-hw-mul/libgcc.a(_lt_df.o)
 .comment       0x00000000       0x27 /home/champ/altera/nios2eds/bin/gnu/H-i686-pc-linux-gnu/bin/../lib/gcc/nios2-elf/4.1.2/mno-hw-mul/libgcc.a(_si_to_df.o)
 .comment       0x00000000       0x27 /home/champ/altera/nios2eds/bin/gnu/H-i686-pc-linux-gnu/bin/../lib/gcc/nios2-elf/4.1.2/mno-hw-mul/libgcc.a(_df_to_si.o)
 .comment       0x00000000       0x27 /home/champ/altera/nios2eds/bin/gnu/H-i686-pc-linux-gnu/bin/../lib/gcc/nios2-elf/4.1.2/mno-hw-mul/libgcc.a(_thenan_df.o)
 .comment       0x00000000       0x27 /home/champ/altera/nios2eds/bin/gnu/H-i686-pc-linux-gnu/bin/../lib/gcc/nios2-elf/4.1.2/mno-hw-mul/libgcc.a(_usi_to_df.o)
 .comment       0x00000000       0x27 /home/champ/altera/nios2eds/bin/gnu/H-i686-pc-linux-gnu/bin/../lib/gcc/nios2-elf/4.1.2/mno-hw-mul/libgcc.a(lib2-divmod.o)
 .comment       0x00000000       0x27 /home/champ/altera/nios2eds/bin/gnu/H-i686-pc-linux-gnu/bin/../lib/gcc/nios2-elf/4.1.2/mno-hw-mul/libgcc.a(lib2-mul.o)
 .comment       0x00000000       0x27 /home/champ/altera/nios2eds/bin/gnu/H-i686-pc-linux-gnu/bin/../lib/gcc/nios2-elf/4.1.2/mno-hw-mul/libgcc.a(_muldi3.o)
 .comment       0x00000000       0x27 /home/champ/altera/nios2eds/bin/gnu/H-i686-pc-linux-gnu/bin/../lib/gcc/nios2-elf/4.1.2/mno-hw-mul/libgcc.a(_clz.o)
 .comment       0x00000000       0x27 /home/champ/altera/nios2eds/bin/gnu/H-i686-pc-linux-gnu/bin/../lib/gcc/nios2-elf/4.1.2/mno-hw-mul/libgcc.a(_clzsi2.o)
 .comment       0x00000000       0x27 /home/champ/altera/nios2eds/bin/gnu/H-i686-pc-linux-gnu/bin/../lib/gcc/nios2-elf/4.1.2/mno-hw-mul/libgcc.a(_pack_df.o)
 .comment       0x00000000       0x27 /home/champ/altera/nios2eds/bin/gnu/H-i686-pc-linux-gnu/bin/../lib/gcc/nios2-elf/4.1.2/mno-hw-mul/libgcc.a(_unpack_df.o)
 .comment       0x00000000       0x27 /home/champ/altera/nios2eds/bin/gnu/H-i686-pc-linux-gnu/bin/../lib/gcc/nios2-elf/4.1.2/mno-hw-mul/libgcc.a(_fpcmp_parts_df.o)
 .comment       0x00000000       0x27 ../serial_port_bsp//libhal_bsp.a(alt_close.o)
 .comment       0x00000000       0x27 ../serial_port_bsp//libhal_bsp.a(alt_dev.o)
 .comment       0x00000000       0x27 ../serial_port_bsp//libhal_bsp.a(alt_errno.o)
 .comment       0x00000000       0x27 ../serial_port_bsp//libhal_bsp.a(alt_fstat.o)
 .comment       0x00000000       0x27 ../serial_port_bsp//libhal_bsp.a(alt_isatty.o)
 .comment       0x00000000       0x27 ../serial_port_bsp//libhal_bsp.a(alt_load.o)
 .comment       0x00000000       0x27 ../serial_port_bsp//libhal_bsp.a(alt_lseek.o)
 .comment       0x00000000       0x27 ../serial_port_bsp//libhal_bsp.a(alt_main.o)
 .comment       0x00000000       0x27 ../serial_port_bsp//libhal_bsp.a(alt_malloc_lock.o)
 .comment       0x00000000       0x27 ../serial_port_bsp//libhal_bsp.a(alt_read.o)
 .comment       0x00000000       0x27 ../serial_port_bsp//libhal_bsp.a(alt_release_fd.o)
 .comment       0x00000000       0x27 ../serial_port_bsp//libhal_bsp.a(alt_sbrk.o)
 .comment       0x00000000       0x27 ../serial_port_bsp//libhal_bsp.a(alt_write.o)
 .comment       0x00000000       0x27 ../serial_port_bsp//libhal_bsp.a(alt_sys_init.o)
 .comment       0x00000000       0x27 ../serial_port_bsp//libhal_bsp.a(altera_avalon_jtag_uart_fd.o)
 .comment       0x00000000       0x27 ../serial_port_bsp//libhal_bsp.a(altera_avalon_jtag_uart_init.o)
 .comment       0x00000000       0x27 ../serial_port_bsp//libhal_bsp.a(altera_avalon_jtag_uart_ioctl.o)
 .comment       0x00000000       0x27 ../serial_port_bsp//libhal_bsp.a(altera_avalon_jtag_uart_read.o)
 .comment       0x00000000       0x27 ../serial_port_bsp//libhal_bsp.a(altera_avalon_jtag_uart_write.o)
 .comment       0x00000000       0x27 ../serial_port_bsp//libhal_bsp.a(altera_avalon_timer_sc.o)
 .comment       0x00000000       0x27 ../serial_port_bsp//libhal_bsp.a(altera_up_avalon_character_lcd.o)
 .comment       0x00000000       0x27 ../serial_port_bsp//libhal_bsp.a(altera_up_avalon_rs232.o)
 .comment       0x00000000       0x27 ../serial_port_bsp//libhal_bsp.a(alt_alarm_start.o)
 .comment       0x00000000       0x27 ../serial_port_bsp//libhal_bsp.a(alt_dcache_flush_all.o)
 .comment       0x00000000       0x27 ../serial_port_bsp//libhal_bsp.a(alt_dev_llist_insert.o)
 .comment       0x00000000       0x27 ../serial_port_bsp//libhal_bsp.a(alt_do_ctors.o)
 .comment       0x00000000       0x27 ../serial_port_bsp//libhal_bsp.a(alt_do_dtors.o)
 .comment       0x00000000       0x27 ../serial_port_bsp//libhal_bsp.a(alt_find_dev.o)
 .comment       0x00000000       0x27 ../serial_port_bsp//libhal_bsp.a(alt_icache_flush_all.o)
 .comment       0x00000000       0x27 ../serial_port_bsp//libhal_bsp.a(alt_io_redirect.o)
 .comment       0x00000000       0x27 ../serial_port_bsp//libhal_bsp.a(alt_irq_register.o)
 .comment       0x00000000       0x27 ../serial_port_bsp//libhal_bsp.a(alt_irq_vars.o)
 .comment       0x00000000       0x27 ../serial_port_bsp//libhal_bsp.a(alt_open.o)
 .comment       0x00000000       0x27 ../serial_port_bsp//libhal_bsp.a(alt_tick.o)
 .comment       0x00000000       0x27 ../serial_port_bsp//libhal_bsp.a(altera_nios2_qsys_irq.o)
 .comment       0x00000000       0x27 ../serial_port_bsp//libhal_bsp.a(alt_find_file.o)
 .comment       0x00000000       0x27 ../serial_port_bsp//libhal_bsp.a(alt_get_fd.o)
 .comment       0x00000000       0x27 ../serial_port_bsp//libhal_bsp.a(alt_irq_handler.o)
 .comment       0x00000000       0x27 /home/champ/altera/nios2eds/bin/gnu/H-i686-pc-linux-gnu/bin/../lib/gcc/nios2-elf/4.1.2/../../../../nios2-elf/lib/mno-hw-mul/libc.a(lib_a-atexit.o)
 .comment       0x00000000       0x27 /home/champ/altera/nios2eds/bin/gnu/H-i686-pc-linux-gnu/bin/../lib/gcc/nios2-elf/4.1.2/../../../../nios2-elf/lib/mno-hw-mul/libc.a(lib_a-exit.o)
 .comment       0x00000000       0x27 /home/champ/altera/nios2eds/bin/gnu/H-i686-pc-linux-gnu/bin/../lib/gcc/nios2-elf/4.1.2/../../../../nios2-elf/lib/mno-hw-mul/libc.a(lib_a-memcmp.o)
 .comment       0x00000000       0x27 /home/champ/altera/nios2eds/bin/gnu/H-i686-pc-linux-gnu/bin/../lib/gcc/nios2-elf/4.1.2/../../../../nios2-elf/lib/mno-hw-mul/libc.a(lib_a-__atexit.o)
 .comment       0x00000000       0x27 /home/champ/altera/nios2eds/bin/gnu/H-i686-pc-linux-gnu/bin/../lib/gcc/nios2-elf/4.1.2/../../../../nios2-elf/lib/mno-hw-mul/libc.a(lib_a-__call_atexit.o)
 .comment       0x00000000       0x27 ../serial_port_bsp//libhal_bsp.a(alt_exit.o)

.debug
 *(.debug)

.line
 *(.line)

.debug_srcinfo
 *(.debug_srcinfo)

.debug_sfnames
 *(.debug_sfnames)

.debug_aranges  0x00000000      0xc98
 *(.debug_aranges)
 .debug_aranges
                0x00000000       0x28 ../serial_port_bsp//obj/HAL/src/crt0.o
 .debug_aranges
                0x00000028       0x20 obj/default/serial_port.o
 .debug_aranges
                0x00000048       0x20 /home/champ/altera/nios2eds/bin/gnu/H-i686-pc-linux-gnu/bin/../lib/gcc/nios2-elf/4.1.2/../../../../nios2-elf/lib/mno-hw-mul/libc.a(lib_a-printf.o)
 .debug_aranges
                0x00000068       0x20 /home/champ/altera/nios2eds/bin/gnu/H-i686-pc-linux-gnu/bin/../lib/gcc/nios2-elf/4.1.2/../../../../nios2-elf/lib/mno-hw-mul/libc.a(lib_a-puts.o)
 .debug_aranges
                0x00000088       0x20 /home/champ/altera/nios2eds/bin/gnu/H-i686-pc-linux-gnu/bin/../lib/gcc/nios2-elf/4.1.2/../../../../nios2-elf/lib/mno-hw-mul/libc.a(lib_a-strlen.o)
 .debug_aranges
                0x000000a8       0x20 /home/champ/altera/nios2eds/bin/gnu/H-i686-pc-linux-gnu/bin/../lib/gcc/nios2-elf/4.1.2/../../../../nios2-elf/lib/mno-hw-mul/libc.a(lib_a-vfprintf.o)
 .debug_aranges
                0x000000c8       0x20 /home/champ/altera/nios2eds/bin/gnu/H-i686-pc-linux-gnu/bin/../lib/gcc/nios2-elf/4.1.2/../../../../nios2-elf/lib/mno-hw-mul/libc.a(lib_a-wsetup.o)
 .debug_aranges
                0x000000e8       0x20 /home/champ/altera/nios2eds/bin/gnu/H-i686-pc-linux-gnu/bin/../lib/gcc/nios2-elf/4.1.2/../../../../nios2-elf/lib/mno-hw-mul/libc.a(lib_a-dtoa.o)
 .debug_aranges
                0x00000108       0x20 /home/champ/altera/nios2eds/bin/gnu/H-i686-pc-linux-gnu/bin/../lib/gcc/nios2-elf/4.1.2/../../../../nios2-elf/lib/mno-hw-mul/libc.a(lib_a-fflush.o)
 .debug_aranges
                0x00000128       0x20 /home/champ/altera/nios2eds/bin/gnu/H-i686-pc-linux-gnu/bin/../lib/gcc/nios2-elf/4.1.2/../../../../nios2-elf/lib/mno-hw-mul/libc.a(lib_a-findfp.o)
 .debug_aranges
                0x00000148       0x20 /home/champ/altera/nios2eds/bin/gnu/H-i686-pc-linux-gnu/bin/../lib/gcc/nios2-elf/4.1.2/../../../../nios2-elf/lib/mno-hw-mul/libc.a(lib_a-freer.o)
 .debug_aranges
                0x00000168       0x20 /home/champ/altera/nios2eds/bin/gnu/H-i686-pc-linux-gnu/bin/../lib/gcc/nios2-elf/4.1.2/../../../../nios2-elf/lib/mno-hw-mul/libc.a(lib_a-fvwrite.o)
 .debug_aranges
                0x00000188       0x20 /home/champ/altera/nios2eds/bin/gnu/H-i686-pc-linux-gnu/bin/../lib/gcc/nios2-elf/4.1.2/../../../../nios2-elf/lib/mno-hw-mul/libc.a(lib_a-fwalk.o)
 .debug_aranges
                0x000001a8       0x20 /home/champ/altera/nios2eds/bin/gnu/H-i686-pc-linux-gnu/bin/../lib/gcc/nios2-elf/4.1.2/../../../../nios2-elf/lib/mno-hw-mul/libc.a(lib_a-locale.o)
 .debug_aranges
                0x000001c8       0x20 /home/champ/altera/nios2eds/bin/gnu/H-i686-pc-linux-gnu/bin/../lib/gcc/nios2-elf/4.1.2/../../../../nios2-elf/lib/mno-hw-mul/libc.a(lib_a-makebuf.o)
 .debug_aranges
                0x000001e8       0x20 /home/champ/altera/nios2eds/bin/gnu/H-i686-pc-linux-gnu/bin/../lib/gcc/nios2-elf/4.1.2/../../../../nios2-elf/lib/mno-hw-mul/libc.a(lib_a-mallocr.o)
 .debug_aranges
                0x00000208       0x20 /home/champ/altera/nios2eds/bin/gnu/H-i686-pc-linux-gnu/bin/../lib/gcc/nios2-elf/4.1.2/../../../../nios2-elf/lib/mno-hw-mul/libc.a(lib_a-memchr.o)
 .debug_aranges
                0x00000228       0x20 /home/champ/altera/nios2eds/bin/gnu/H-i686-pc-linux-gnu/bin/../lib/gcc/nios2-elf/4.1.2/../../../../nios2-elf/lib/mno-hw-mul/libc.a(lib_a-memcpy.o)
 .debug_aranges
                0x00000248       0x20 /home/champ/altera/nios2eds/bin/gnu/H-i686-pc-linux-gnu/bin/../lib/gcc/nios2-elf/4.1.2/../../../../nios2-elf/lib/mno-hw-mul/libc.a(lib_a-memmove.o)
 .debug_aranges
                0x00000268       0x20 /home/champ/altera/nios2eds/bin/gnu/H-i686-pc-linux-gnu/bin/../lib/gcc/nios2-elf/4.1.2/../../../../nios2-elf/lib/mno-hw-mul/libc.a(lib_a-memset.o)
 .debug_aranges
                0x00000288       0x20 /home/champ/altera/nios2eds/bin/gnu/H-i686-pc-linux-gnu/bin/../lib/gcc/nios2-elf/4.1.2/../../../../nios2-elf/lib/mno-hw-mul/libc.a(lib_a-mprec.o)
 .debug_aranges
                0x000002a8       0x20 /home/champ/altera/nios2eds/bin/gnu/H-i686-pc-linux-gnu/bin/../lib/gcc/nios2-elf/4.1.2/../../../../nios2-elf/lib/mno-hw-mul/libc.a(lib_a-reallocr.o)
 .debug_aranges
                0x000002c8       0x20 /home/champ/altera/nios2eds/bin/gnu/H-i686-pc-linux-gnu/bin/../lib/gcc/nios2-elf/4.1.2/../../../../nios2-elf/lib/mno-hw-mul/libc.a(lib_a-s_isinfd.o)
 .debug_aranges
                0x000002e8       0x20 /home/champ/altera/nios2eds/bin/gnu/H-i686-pc-linux-gnu/bin/../lib/gcc/nios2-elf/4.1.2/../../../../nios2-elf/lib/mno-hw-mul/libc.a(lib_a-s_isnand.o)
 .debug_aranges
                0x00000308       0x20 /home/champ/altera/nios2eds/bin/gnu/H-i686-pc-linux-gnu/bin/../lib/gcc/nios2-elf/4.1.2/../../../../nios2-elf/lib/mno-hw-mul/libc.a(lib_a-sbrkr.o)
 .debug_aranges
                0x00000328       0x20 /home/champ/altera/nios2eds/bin/gnu/H-i686-pc-linux-gnu/bin/../lib/gcc/nios2-elf/4.1.2/../../../../nios2-elf/lib/mno-hw-mul/libc.a(lib_a-stdio.o)
 .debug_aranges
                0x00000348       0x20 /home/champ/altera/nios2eds/bin/gnu/H-i686-pc-linux-gnu/bin/../lib/gcc/nios2-elf/4.1.2/../../../../nios2-elf/lib/mno-hw-mul/libc.a(lib_a-strcmp.o)
 .debug_aranges
                0x00000368       0x20 /home/champ/altera/nios2eds/bin/gnu/H-i686-pc-linux-gnu/bin/../lib/gcc/nios2-elf/4.1.2/../../../../nios2-elf/lib/mno-hw-mul/libc.a(lib_a-writer.o)
 .debug_aranges
                0x00000388       0x20 /home/champ/altera/nios2eds/bin/gnu/H-i686-pc-linux-gnu/bin/../lib/gcc/nios2-elf/4.1.2/../../../../nios2-elf/lib/mno-hw-mul/libc.a(lib_a-callocr.o)
 .debug_aranges
                0x000003a8       0x20 /home/champ/altera/nios2eds/bin/gnu/H-i686-pc-linux-gnu/bin/../lib/gcc/nios2-elf/4.1.2/../../../../nios2-elf/lib/mno-hw-mul/libc.a(lib_a-closer.o)
 .debug_aranges
                0x000003c8       0x20 /home/champ/altera/nios2eds/bin/gnu/H-i686-pc-linux-gnu/bin/../lib/gcc/nios2-elf/4.1.2/../../../../nios2-elf/lib/mno-hw-mul/libc.a(lib_a-fclose.o)
 .debug_aranges
                0x000003e8       0x20 /home/champ/altera/nios2eds/bin/gnu/H-i686-pc-linux-gnu/bin/../lib/gcc/nios2-elf/4.1.2/../../../../nios2-elf/lib/mno-hw-mul/libc.a(lib_a-fstatr.o)
 .debug_aranges
                0x00000408       0x20 /home/champ/altera/nios2eds/bin/gnu/H-i686-pc-linux-gnu/bin/../lib/gcc/nios2-elf/4.1.2/../../../../nios2-elf/lib/mno-hw-mul/libc.a(lib_a-isattyr.o)
 .debug_aranges
                0x00000428       0x20 /home/champ/altera/nios2eds/bin/gnu/H-i686-pc-linux-gnu/bin/../lib/gcc/nios2-elf/4.1.2/../../../../nios2-elf/lib/mno-hw-mul/libc.a(lib_a-lseekr.o)
 .debug_aranges
                0x00000448       0x20 /home/champ/altera/nios2eds/bin/gnu/H-i686-pc-linux-gnu/bin/../lib/gcc/nios2-elf/4.1.2/../../../../nios2-elf/lib/mno-hw-mul/libc.a(lib_a-readr.o)
 .debug_aranges
                0x00000468       0x20 /home/champ/altera/nios2eds/bin/gnu/H-i686-pc-linux-gnu/bin/../lib/gcc/nios2-elf/4.1.2/mno-hw-mul/libgcc.a(_udivdi3.o)
 .debug_aranges
                0x00000488       0x20 /home/champ/altera/nios2eds/bin/gnu/H-i686-pc-linux-gnu/bin/../lib/gcc/nios2-elf/4.1.2/mno-hw-mul/libgcc.a(_umoddi3.o)
 .debug_aranges
                0x000004a8       0x20 /home/champ/altera/nios2eds/bin/gnu/H-i686-pc-linux-gnu/bin/../lib/gcc/nios2-elf/4.1.2/mno-hw-mul/libgcc.a(_addsub_df.o)
 .debug_aranges
                0x000004c8       0x20 /home/champ/altera/nios2eds/bin/gnu/H-i686-pc-linux-gnu/bin/../lib/gcc/nios2-elf/4.1.2/mno-hw-mul/libgcc.a(_mul_df.o)
 .debug_aranges
                0x000004e8       0x20 /home/champ/altera/nios2eds/bin/gnu/H-i686-pc-linux-gnu/bin/../lib/gcc/nios2-elf/4.1.2/mno-hw-mul/libgcc.a(_div_df.o)
 .debug_aranges
                0x00000508       0x20 /home/champ/altera/nios2eds/bin/gnu/H-i686-pc-linux-gnu/bin/../lib/gcc/nios2-elf/4.1.2/mno-hw-mul/libgcc.a(_eq_df.o)
 .debug_aranges
                0x00000528       0x20 /home/champ/altera/nios2eds/bin/gnu/H-i686-pc-linux-gnu/bin/../lib/gcc/nios2-elf/4.1.2/mno-hw-mul/libgcc.a(_ne_df.o)
 .debug_aranges
                0x00000548       0x20 /home/champ/altera/nios2eds/bin/gnu/H-i686-pc-linux-gnu/bin/../lib/gcc/nios2-elf/4.1.2/mno-hw-mul/libgcc.a(_gt_df.o)
 .debug_aranges
                0x00000568       0x20 /home/champ/altera/nios2eds/bin/gnu/H-i686-pc-linux-gnu/bin/../lib/gcc/nios2-elf/4.1.2/mno-hw-mul/libgcc.a(_ge_df.o)
 .debug_aranges
                0x00000588       0x20 /home/champ/altera/nios2eds/bin/gnu/H-i686-pc-linux-gnu/bin/../lib/gcc/nios2-elf/4.1.2/mno-hw-mul/libgcc.a(_lt_df.o)
 .debug_aranges
                0x000005a8       0x20 /home/champ/altera/nios2eds/bin/gnu/H-i686-pc-linux-gnu/bin/../lib/gcc/nios2-elf/4.1.2/mno-hw-mul/libgcc.a(_si_to_df.o)
 .debug_aranges
                0x000005c8       0x20 /home/champ/altera/nios2eds/bin/gnu/H-i686-pc-linux-gnu/bin/../lib/gcc/nios2-elf/4.1.2/mno-hw-mul/libgcc.a(_df_to_si.o)
 .debug_aranges